Archive member included to satisfy reference by file (symbol)

C:/ST/STM32CubeIDE_2.0.0/STM32CubeIDE/plugins/com.st.stm32cube.ide.mcu.externaltools.gnu-tools-for-stm32.13.3.rel1.win32_1.0.100.202509120712/tools/bin/../lib/gcc/arm-none-eabi/13.3.1/../../../../arm-none-eabi/lib/thumb/v7e-m+fp/hard\libc_nano.a(libc_a-exit.o)
                              C:/ST/STM32CubeIDE_2.0.0/STM32CubeIDE/plugins/com.st.stm32cube.ide.mcu.externaltools.gnu-tools-for-stm32.13.3.rel1.win32_1.0.100.202509120712/tools/bin/../lib/gcc/arm-none-eabi/13.3.1/../../../../arm-none-eabi/lib/thumb/v7e-m+fp/hard/crt0.o (exit)
C:/ST/STM32CubeIDE_2.0.0/STM32CubeIDE/plugins/com.st.stm32cube.ide.mcu.externaltools.gnu-tools-for-stm32.13.3.rel1.win32_1.0.100.202509120712/tools/bin/../lib/gcc/arm-none-eabi/13.3.1/../../../../arm-none-eabi/lib/thumb/v7e-m+fp/hard\libc_nano.a(libc_a-findfp.o)
                              C:/ST/STM32CubeIDE_2.0.0/STM32CubeIDE/plugins/com.st.stm32cube.ide.mcu.externaltools.gnu-tools-for-stm32.13.3.rel1.win32_1.0.100.202509120712/tools/bin/../lib/gcc/arm-none-eabi/13.3.1/../../../../arm-none-eabi/lib/thumb/v7e-m+fp/hard\libc_nano.a(libc_a-exit.o) (__stdio_exit_handler)
C:/ST/STM32CubeIDE_2.0.0/STM32CubeIDE/plugins/com.st.stm32cube.ide.mcu.externaltools.gnu-tools-for-stm32.13.3.rel1.win32_1.0.100.202509120712/tools/bin/../lib/gcc/arm-none-eabi/13.3.1/../../../../arm-none-eabi/lib/thumb/v7e-m+fp/hard\libc_nano.a(libc_a-fwalk.o)
                              C:/ST/STM32CubeIDE_2.0.0/STM32CubeIDE/plugins/com.st.stm32cube.ide.mcu.externaltools.gnu-tools-for-stm32.13.3.rel1.win32_1.0.100.202509120712/tools/bin/../lib/gcc/arm-none-eabi/13.3.1/../../../../arm-none-eabi/lib/thumb/v7e-m+fp/hard\libc_nano.a(libc_a-findfp.o) (_fwalk_sglue)
C:/ST/STM32CubeIDE_2.0.0/STM32CubeIDE/plugins/com.st.stm32cube.ide.mcu.externaltools.gnu-tools-for-stm32.13.3.rel1.win32_1.0.100.202509120712/tools/bin/../lib/gcc/arm-none-eabi/13.3.1/../../../../arm-none-eabi/lib/thumb/v7e-m+fp/hard\libc_nano.a(libc_a-stdio.o)
                              C:/ST/STM32CubeIDE_2.0.0/STM32CubeIDE/plugins/com.st.stm32cube.ide.mcu.externaltools.gnu-tools-for-stm32.13.3.rel1.win32_1.0.100.202509120712/tools/bin/../lib/gcc/arm-none-eabi/13.3.1/../../../../arm-none-eabi/lib/thumb/v7e-m+fp/hard\libc_nano.a(libc_a-findfp.o) (__sread)
C:/ST/STM32CubeIDE_2.0.0/STM32CubeIDE/plugins/com.st.stm32cube.ide.mcu.externaltools.gnu-tools-for-stm32.13.3.rel1.win32_1.0.100.202509120712/tools/bin/../lib/gcc/arm-none-eabi/13.3.1/../../../../arm-none-eabi/lib/thumb/v7e-m+fp/hard\libc_nano.a(libc_a-memset.o)
                              C:/ST/STM32CubeIDE_2.0.0/STM32CubeIDE/plugins/com.st.stm32cube.ide.mcu.externaltools.gnu-tools-for-stm32.13.3.rel1.win32_1.0.100.202509120712/tools/bin/../lib/gcc/arm-none-eabi/13.3.1/../../../../arm-none-eabi/lib/thumb/v7e-m+fp/hard/crt0.o (memset)
C:/ST/STM32CubeIDE_2.0.0/STM32CubeIDE/plugins/com.st.stm32cube.ide.mcu.externaltools.gnu-tools-for-stm32.13.3.rel1.win32_1.0.100.202509120712/tools/bin/../lib/gcc/arm-none-eabi/13.3.1/../../../../arm-none-eabi/lib/thumb/v7e-m+fp/hard\libc_nano.a(libc_a-closer.o)
                              C:/ST/STM32CubeIDE_2.0.0/STM32CubeIDE/plugins/com.st.stm32cube.ide.mcu.externaltools.gnu-tools-for-stm32.13.3.rel1.win32_1.0.100.202509120712/tools/bin/../lib/gcc/arm-none-eabi/13.3.1/../../../../arm-none-eabi/lib/thumb/v7e-m+fp/hard\libc_nano.a(libc_a-stdio.o) (_close_r)
C:/ST/STM32CubeIDE_2.0.0/STM32CubeIDE/plugins/com.st.stm32cube.ide.mcu.externaltools.gnu-tools-for-stm32.13.3.rel1.win32_1.0.100.202509120712/tools/bin/../lib/gcc/arm-none-eabi/13.3.1/../../../../arm-none-eabi/lib/thumb/v7e-m+fp/hard\libc_nano.a(libc_a-reent.o)
                              ./Core/Src/syscalls.o (errno)
C:/ST/STM32CubeIDE_2.0.0/STM32CubeIDE/plugins/com.st.stm32cube.ide.mcu.externaltools.gnu-tools-for-stm32.13.3.rel1.win32_1.0.100.202509120712/tools/bin/../lib/gcc/arm-none-eabi/13.3.1/../../../../arm-none-eabi/lib/thumb/v7e-m+fp/hard\libc_nano.a(libc_a-impure.o)
                              C:/ST/STM32CubeIDE_2.0.0/STM32CubeIDE/plugins/com.st.stm32cube.ide.mcu.externaltools.gnu-tools-for-stm32.13.3.rel1.win32_1.0.100.202509120712/tools/bin/../lib/gcc/arm-none-eabi/13.3.1/../../../../arm-none-eabi/lib/thumb/v7e-m+fp/hard\libc_nano.a(libc_a-reent.o) (_impure_ptr)
C:/ST/STM32CubeIDE_2.0.0/STM32CubeIDE/plugins/com.st.stm32cube.ide.mcu.externaltools.gnu-tools-for-stm32.13.3.rel1.win32_1.0.100.202509120712/tools/bin/../lib/gcc/arm-none-eabi/13.3.1/../../../../arm-none-eabi/lib/thumb/v7e-m+fp/hard\libc_nano.a(libc_a-lseekr.o)
                              C:/ST/STM32CubeIDE_2.0.0/STM32CubeIDE/plugins/com.st.stm32cube.ide.mcu.externaltools.gnu-tools-for-stm32.13.3.rel1.win32_1.0.100.202509120712/tools/bin/../lib/gcc/arm-none-eabi/13.3.1/../../../../arm-none-eabi/lib/thumb/v7e-m+fp/hard\libc_nano.a(libc_a-stdio.o) (_lseek_r)
[...]
Memory Configuration

Name             Origin             Length             Attributes
CCMRAM           0x10000000         0x00010000         rw
RAM              0x20000000         0x00020000         xrw
FLASH            0x08000000         0x00100000         xr
*default*        0x00000000         0xffffffff

Linker script and memory map

LOAD C:/ST/STM32CubeIDE_2.0.0/STM32CubeIDE/plugins/com.st.stm32cube.ide.mcu.externaltools.gnu-tools-for-stm32.13.3.rel1.win32_1.0.100.202509120712/tools/bin/../lib/gcc/arm-none-eabi/13.3.1/thumb/v7e-m+fp/hard/crti.o
LOAD C:/ST/STM32CubeIDE_2.0.0/STM32CubeIDE/plugins/com.st.stm32cube.ide.mcu.externaltools.gnu-tools-for-stm32.13.3.rel1.win32_1.0.100.202509120712/tools/bin/../lib/gcc/arm-none-eabi/13.3.1/thumb/v7e-m+fp/hard/crtbegin.o
LOAD C:/ST/STM32CubeIDE_2.0.0/STM32CubeIDE/plugins/com.st.stm32cube.ide.mcu.externaltools.gnu-tools-for-stm32.13.3.rel1.win32_1.0.100.202509120712/tools/bin/../lib/gcc/arm-none-eabi/13.3.1/../../../../arm-none-eabi/lib/thumb/v7e-m+fp/hard/crt0.o
LOAD ./Core/Src/logic.o
LOAD ./Core/Src/main.o
LOAD ./Core/Src/misc.o
LOAD ./Core/Src/startup_stm32f4xx.o
LOAD ./Core/Src/stm32_ub_vga_screen.o
LOAD ./Core/Src/stm32f4xx_dma.o
LOAD ./Core/Src/stm32f4xx_gpio.o
LOAD ./Core/Src/stm32f4xx_rcc.o
LOAD ./Core/Src/stm32f4xx_tim.o
LOAD ./Core/Src/syscalls.o
LOAD ./Core/Src/system_stm32f4xx.o
LOAD ./Core/Startup/startup_stm32f407vgtx.o
LOAD ./Drivers/STM32F4xx_HAL_Driver/Src/stm32f4xx_hal.o
LOAD ./Drivers/STM32F4xx_HAL_Driver/Src/stm32f4xx_hal_cortex.o
LOAD ./Drivers/STM32F4xx_HAL_Driver/Src/stm32f4xx_hal_dma.o
LOAD ./Drivers/STM32F4xx_HAL_Driver/Src/stm32f4xx_hal_dma_ex.o
LOAD ./Drivers/STM32F4xx_HAL_Driver/Src/stm32f4xx_hal_exti.o
LOAD ./Drivers/STM32F4xx_HAL_Driver/Src/stm32f4xx_hal_flash.o
LOAD ./Drivers/STM32F4xx_HAL_Driver/Src/stm32f4xx_hal_flash_ex.o
LOAD ./Drivers/STM32F4xx_HAL_Driver/Src/stm32f4xx_hal_flash_ramfunc.o
LOAD ./Drivers/STM32F4xx_HAL_Driver/Src/stm32f4xx_hal_gpio.o
LOAD ./Drivers/STM32F4xx_HAL_Driver/Src/stm32f4xx_hal_pwr.o
LOAD ./Drivers/STM32F4xx_HAL_Driver/Src/stm32f4xx_hal_pwr_ex.o
LOAD ./Drivers/STM32F4xx_HAL_Driver/Src/stm32f4xx_hal_rcc.o
LOAD ./Drivers/STM32F4xx_HAL_Driver/Src/stm32f4xx_hal_rcc_ex.o
LOAD ./Drivers/STM32F4xx_HAL_Driver/Src/stm32f4xx_hal_tim.o
LOAD ./Drivers/STM32F4xx_HAL_Driver/Src/stm32f4xx_hal_tim_ex.o
START GROUP
LOAD C:/ST/STM32CubeIDE_2.0.0/STM32CubeIDE/plugins/com.st.stm32cube.ide.mcu.externaltools.gnu-tools-for-stm32.13.3.rel1.win32_1.0.100.202509120712/tools/bin/../lib/gcc/arm-none-eabi/13.3.1/../../../../arm-none-eabi/lib/thumb/v7e-m+fp/hard\libc_nano.a
LOAD C:/ST/STM32CubeIDE_2.0.0/STM32CubeIDE/plugins/com.st.stm32cube.ide.mcu.externaltools.gnu-tools-for-stm32.13.3.rel1.win32_1.0.100.202509120712/tools/bin/../lib/gcc/arm-none-eabi/13.3.1/../../../../arm-none-eabi/lib/thumb/v7e-m+fp/hard\libm.a
END GROUP
START GROUP
LOAD C:/ST/STM32CubeIDE_2.0.0/STM32CubeIDE/plugins/com.st.stm32cube.ide.mcu.externaltools.gnu-tools-for-stm32.13.3.rel1.win32_1.0.100.202509120712/tools/bin/../lib/gcc/arm-none-eabi/13.3.1/thumb/v7e-m+fp/hard\libgcc.a
LOAD C:/ST/STM32CubeIDE_2.0.0/STM32CubeIDE/plugins/com.st.stm32cube.ide.mcu.externaltools.gnu-tools-for-stm32.13.3.rel1.win32_1.0.100.202509120712/tools/bin/../lib/gcc/arm-none-eabi/13.3.1/../../../../arm-none-eabi/lib/thumb/v7e-m+fp/hard\libc_nano.a
END GROUP
START GROUP
LOAD C:/ST/STM32CubeIDE_2.0.0/STM32CubeIDE/plugins/com.st.stm32cube.ide.mcu.externaltools.gnu-tools-for-stm32.13.3.rel1.win32_1.0.100.202509120712/tools/bin/../lib/gcc/arm-none-eabi/13.3.1/thumb/v7e-m+fp/hard\libgcc.a
LOAD C:/ST/STM32CubeIDE_2.0.0/STM32CubeIDE/plugins/com.st.stm32cube.ide.mcu.externaltools.gnu-tools-for-stm32.13.3.rel1.win32_1.0.100.202509120712/tools/bin/../lib/gcc/arm-none-eabi/13.3.1/../../../../arm-none-eabi/lib/thumb/v7e-m+fp/hard\libc_nano.a
LOAD C:/ST/STM32CubeIDE_2.0.0/STM32CubeIDE/plugins/com.st.stm32cube.ide.mcu.externaltools.gnu-tools-for-stm32.13.3.rel1.win32_1.0.100.202509120712/tools/bin/../lib/gcc/arm-none-eabi/13.3.1/../../../../arm-none-eabi/lib/thumb/v7e-m+fp/hard\libnosys.a
END GROUP
START GROUP
LOAD C:/ST/STM32CubeIDE_2.0.0/STM32CubeIDE/plugins/com.st.stm32cube.ide.mcu.externaltools.gnu-tools-for-stm32.13.3.rel1.win32_1.0.100.202509120712/tools/bin/../lib/gcc/arm-none-eabi/13.3.1/thumb/v7e-m+fp/hard\libgcc.a
LOAD C:/ST/STM32CubeIDE_2.0.0/STM32CubeIDE/plugins/com.st.stm32cube.ide.mcu.externaltools.gnu-tools-for-stm32.13.3.rel1.win32_1.0.100.202509120712/tools/bin/../lib/gcc/arm-none-eabi/13.3.1/../../../../arm-none-eabi/lib/thumb/v7e-m+fp/hard\libc_nano.a
LOAD C:/ST/STM32CubeIDE_2.0.0/STM32CubeIDE/plugins/com.st.stm32cube.ide.mcu.externaltools.gnu-tools-for-stm32.13.3.rel1.win32_1.0.100.202509120712/tools/bin/../lib/gcc/arm-none-eabi/13.3.1/../../../../arm-none-eabi/lib/thumb/v7e-m+fp/hard\libnosys.a
END GROUP
LOAD C:/ST/STM32CubeIDE_2.0.0/STM32CubeIDE/plugins/com.st.stm32cube.ide.mcu.externaltools.gnu-tools-for-stm32.13.3.rel1.win32_1.0.100.202509120712/tools/bin/../lib/gcc/arm-none-eabi/13.3.1/thumb/v7e-m+fp/hard/crtend.o
LOAD C:/ST/STM32CubeIDE_2.0.0/STM32CubeIDE/plugins/com.st.stm32cube.ide.mcu.externaltools.gnu-tools-for-stm32.13.3.rel1.win32_1.0.100.202509120712/tools/bin/../lib/gcc/arm-none-eabi/13.3.1/thumb/v7e-m+fp/hard/crtn.o
                0x20020000                        _estack = (ORIGIN (RAM) + LENGTH (RAM))
                0x00000200                        _Min_Heap_Size = 0x200
                0x00000400                        _Min_Stack_Size = 0x400

.isr_vector     0x08000000      0x188
                0x08000000                        . = ALIGN (0x4)
 *(.isr_vector)
 .isr_vector    0x08000000      0x188 ./Core/Startup/startup_stm32f407vgtx.o
                0x08000000                g_pfnVectors
                0x08000188                        . = ALIGN (0x4)

.text           0x08000188     0x1398
                0x08000188                        . = ALIGN (0x4)
 *(.text)
 .text          0x08000188       0x40 C:/ST/STM32CubeIDE_2.0.0/STM32CubeIDE/plugins/com.st.stm32cube.ide.mcu.externaltools.gnu-tools-for-stm32.13.3.rel1.win32_1.0.100.202509120712/tools/bin/../lib/gcc/arm-none-eabi/13.3.1/thumb/v7e-m+fp/hard/crtbegin.o
 *(.text*)
 .text.LED_Init
                0x080001c8       0x68 ./Core/Src/main.o
                0x080001c8                LED_Init
 .text.main     0x08000230       0x24 ./Core/Src/main.o
                0x08000230                main
 .text.NVIC_Init
                0x08000254       0xc4 ./Core/Src/misc.o
                0x08000254                NVIC_Init
 .text.UB_VGA_Screen_Init
                0x08000318       0x80 ./Core/Src/stm32_ub_vga_screen.o
                0x08000318                UB_VGA_Screen_Init
 .text.UB_VGA_FillScreen
                0x08000398       0x46 ./Core/Src/stm32_ub_vga_screen.o
                0x08000398                UB_VGA_FillScreen
 *fill*         0x080003de        0x2 
 .text.UB_VGA_SetPixel
                0x080003e0       0x50 ./Core/Src/stm32_ub_vga_screen.o
                0x080003e0                UB_VGA_SetPixel
 .text.P_VGA_InitIO
                0x08000430       0xa8 ./Core/Src/stm32_ub_vga_screen.o
                0x08000430                P_VGA_InitIO
 .text.P_VGA_InitTIM
                0x080004d8       0xc8 ./Core/Src/stm32_ub_vga_screen.o
                0x080004d8                P_VGA_InitTIM
 .text.P_VGA_InitINT
                0x080005a0       0x58 ./Core/Src/stm32_ub_vga_screen.o
                0x080005a0                P_VGA_InitINT
 .text.P_VGA_InitDMA
                0x080005f8       0x90 ./Core/Src/stm32_ub_vga_screen.o
                0x080005f8                P_VGA_InitDMA
 .text.TIM2_IRQHandler
                0x08000688       0xbc ./Core/Src/stm32_ub_vga_screen.o
                0x08000688                TIM2_IRQHandler
 .text.DMA2_Stream5_IRQHandler
                0x08000744       0x4c ./Core/Src/stm32_ub_vga_screen.o
                0x08000744                DMA2_Stream5_IRQHandler
 .text.UB_VGA_DrawBitmap
                0x08000790       0xac ./Core/Src/stm32_ub_vga_screen.o
                0x08000790                UB_VGA_DrawBitmap
 .text.DMA_DeInit
                0x0800083c      0x1a8 ./Core/Src/stm32f4xx_dma.o
                0x0800083c                DMA_DeInit
 .text.DMA_Init
                0x080009e4       0xb0 ./Core/Src/stm32f4xx_dma.o
                0x080009e4                DMA_Init
 .text.DMA_Cmd  0x08000a94       0x38 ./Core/Src/stm32f4xx_dma.o
                0x08000a94                DMA_Cmd
 .text.DMA_ITConfig
                0x08000acc       0x74 ./Core/Src/stm32f4xx_dma.o
                0x08000acc                DMA_ITConfig
 .text.DMA_GetITStatus
                0x08000b40       0xb0 ./Core/Src/stm32f4xx_dma.o
                0x08000b40                DMA_GetITStatus
 .text.DMA_ClearITPendingBit
                0x08000bf0       0x5c ./Core/Src/stm32f4xx_dma.o
                0x08000bf0                DMA_ClearITPendingBit
 .text.GPIO_Init
                0x08000c4c      0x11e ./Core/Src/stm32f4xx_gpio.o
                0x08000c4c                GPIO_Init
 .text.GPIO_PinAFConfig
                0x08000d6a       0x92 ./Core/Src/stm32f4xx_gpio.o
                0x08000d6a                GPIO_PinAFConfig
 .text.RCC_AHB1PeriphClockCmd
                0x08000dfc       0x40 ./Core/Src/stm32f4xx_rcc.o
                0x08000dfc                RCC_AHB1PeriphClockCmd
 .text.RCC_APB1PeriphClockCmd
                0x08000e3c       0x40 ./Core/Src/stm32f4xx_rcc.o
                0x08000e3c                RCC_APB1PeriphClockCmd
 .text.RCC_APB2PeriphClockCmd
                0x08000e7c       0x40 ./Core/Src/stm32f4xx_rcc.o
                0x08000e7c                RCC_APB2PeriphClockCmd
 .text.TIM_TimeBaseInit
                0x08000ebc       0xd8 ./Core/Src/stm32f4xx_tim.o
                0x08000ebc                TIM_TimeBaseInit
 .text.TIM_ARRPreloadConfig
                0x08000f94       0x40 ./Core/Src/stm32f4xx_tim.o
                0x08000f94                TIM_ARRPreloadConfig
 .text.TIM_Cmd  0x08000fd4       0x40 ./Core/Src/stm32f4xx_tim.o
                0x08000fd4                TIM_Cmd
 .text.TIM_OC3Init
                0x08001014      0x10c ./Core/Src/stm32f4xx_tim.o
                0x08001014                TIM_OC3Init
 .text.TIM_OC4Init
                0x08001120       0xd0 ./Core/Src/stm32f4xx_tim.o
                0x08001120                TIM_OC4Init
 .text.TIM_OC3PreloadConfig
                0x080011f0       0x38 ./Core/Src/stm32f4xx_tim.o
                0x080011f0                TIM_OC3PreloadConfig
 .text.TIM_OC4PreloadConfig
                0x08001228       0x3c ./Core/Src/stm32f4xx_tim.o
                0x08001228                TIM_OC4PreloadConfig
 .text.TIM_ITConfig
                0x08001264       0x48 ./Core/Src/stm32f4xx_tim.o
                0x08001264                TIM_ITConfig
 .text.TIM_ClearITPendingBit
                0x080012ac       0x22 ./Core/Src/stm32f4xx_tim.o
                0x080012ac                TIM_ClearITPendingBit
 .text.TIM_DMACmd
                0x080012ce       0x48 ./Core/Src/stm32f4xx_tim.o
                0x080012ce                TIM_DMACmd
 *fill*         0x08001316        0x2 
 .text.SystemInit
                0x08001318       0x5c ./Core/Src/system_stm32f4xx.o
                0x08001318                SystemInit
 .text.SetSysClock
                0x08001374       0xf8 ./Core/Src/system_stm32f4xx.o
 .text.Reset_Handler
                0x0800146c       0x50 ./Core/Startup/startup_stm32f407vgtx.o
                0x0800146c                Reset_Handler
 .text.Default_Handler
                0x080014bc        0x2 ./Core/Startup/startup_stm32f407vgtx.o
                0x080014bc                RTC_Alarm_IRQHandler
                0x080014bc                HASH_RNG_IRQHandler
                0x080014bc                EXTI2_IRQHandler
                0x080014bc                TIM8_CC_IRQHandler
                0x080014bc                DebugMon_Handler
                0x080014bc                TIM1_CC_IRQHandler
                0x080014bc                HardFault_Handler
                0x080014bc                DMA1_Stream5_IRQHandler
                0x080014bc                SysTick_Handler
                0x080014bc                PVD_IRQHandler
                0x080014bc                SDIO_IRQHandler
                0x080014bc                TAMP_STAMP_IRQHandler
                0x080014bc                PendSV_Handler
                0x080014bc                NMI_Handler
                0x080014bc                CAN2_RX1_IRQHandler
                0x080014bc                EXTI3_IRQHandler
                0x080014bc                TIM8_TRG_COM_TIM14_IRQHandler
                0x080014bc                TIM1_UP_TIM10_IRQHandler
                0x080014bc                TIM8_UP_TIM13_IRQHandler
                0x080014bc                I2C3_ER_IRQHandler
                0x080014bc                EXTI0_IRQHandler
                0x080014bc                I2C2_EV_IRQHandler
                0x080014bc                DMA1_Stream2_IRQHandler
                0x080014bc                CAN1_RX0_IRQHandler
                0x080014bc                FPU_IRQHandler
                0x080014bc                OTG_HS_WKUP_IRQHandler
                0x080014bc                UsageFault_Handler
                0x080014bc                CAN2_SCE_IRQHandler
                0x080014bc                DMA2_Stream2_IRQHandler
                0x080014bc                SPI1_IRQHandler
                0x080014bc                TIM6_DAC_IRQHandler
                0x080014bc                TIM1_BRK_TIM9_IRQHandler
                0x080014bc                DCMI_IRQHandler
                0x080014bc                CAN2_RX0_IRQHandler
                0x080014bc                DMA2_Stream3_IRQHandler
                0x080014bc                USART6_IRQHandler
                0x080014bc                USART3_IRQHandler
                0x080014bc                CAN1_RX1_IRQHandler
                0x080014bc                UART5_IRQHandler
                0x080014bc                DMA2_Stream0_IRQHandler
                0x080014bc                TIM4_IRQHandler
                0x080014bc                I2C1_EV_IRQHandler
                0x080014bc                DMA1_Stream6_IRQHandler
                0x080014bc                DMA1_Stream1_IRQHandler
                0x080014bc                UART4_IRQHandler
                0x080014bc                TIM3_IRQHandler
                0x080014bc                RCC_IRQHandler
                0x080014bc                TIM8_BRK_TIM12_IRQHandler
                0x080014bc                Default_Handler
                0x080014bc                EXTI15_10_IRQHandler
                0x080014bc                ADC_IRQHandler
                0x080014bc                DMA1_Stream7_IRQHandler
                0x080014bc                TIM7_IRQHandler
                0x080014bc                CAN2_TX_IRQHandler
                0x080014bc                TIM5_IRQHandler
                0x080014bc                DMA2_Stream7_IRQHandler
                0x080014bc                I2C3_EV_IRQHandler
                0x080014bc                EXTI9_5_IRQHandler
                0x080014bc                RTC_WKUP_IRQHandler
                0x080014bc                ETH_WKUP_IRQHandler
                0x080014bc                SPI2_IRQHandler
                0x080014bc                OTG_HS_EP1_IN_IRQHandler
                0x080014bc                MemManage_Handler
                0x080014bc                DMA1_Stream0_IRQHandler
                0x080014bc                CAN1_TX_IRQHandler
                0x080014bc                SVC_Handler
                0x080014bc                EXTI4_IRQHandler
                0x080014bc                FSMC_IRQHandler
                0x080014bc                ETH_IRQHandler
                0x080014bc                OTG_HS_EP1_OUT_IRQHandler
                0x080014bc                WWDG_IRQHandler
                0x080014bc                OTG_FS_WKUP_IRQHandler
                0x080014bc                TIM1_TRG_COM_TIM11_IRQHandler
                0x080014bc                OTG_HS_IRQHandler
                0x080014bc                EXTI1_IRQHandler
                0x080014bc                USART2_IRQHandler
                0x080014bc                I2C2_ER_IRQHandler
                0x080014bc                DMA2_Stream1_IRQHandler
                0x080014bc                CAN1_SCE_IRQHandler
                0x080014bc                FLASH_IRQHandler
                0x080014bc                DMA2_Stream4_IRQHandler
                0x080014bc                BusFault_Handler
                0x080014bc                USART1_IRQHandler
                0x080014bc                OTG_FS_IRQHandler
                0x080014bc                SPI3_IRQHandler
                0x080014bc                DMA1_Stream4_IRQHandler
                0x080014bc                I2C1_ER_IRQHandler
                0x080014bc                DMA2_Stream6_IRQHandler
                0x080014bc                DMA1_Stream3_IRQHandler
 *fill*         0x080014be        0x2 
 .text.__libc_init_array
                0x080014c0       0x48 C:/ST/STM32CubeIDE_2.0.0/STM32CubeIDE/plugins/com.st.stm32cube.ide.mcu.externaltools.gnu-tools-for-stm32.13.3.rel1.win32_1.0.100.202509120712/tools/bin/../lib/gcc/arm-none-eabi/13.3.1/../../../../arm-none-eabi/lib/thumb/v7e-m+fp/hard\libc_nano.a(libc_a-init.o)
                0x080014c0                __libc_init_array
 *(.glue_7)
 .glue_7        0x08001508        0x0 linker stubs
 *(.glue_7t)
 .glue_7t       0x08001508        0x0 linker stubs
 *(.eh_frame)
 .eh_frame      0x08001508        0x0 C:/ST/STM32CubeIDE_2.0.0/STM32CubeIDE/plugins/com.st.stm32cube.ide.mcu.externaltools.gnu-tools-for-stm32.13.3.rel1.win32_1.0.100.202509120712/tools/bin/../lib/gcc/arm-none-eabi/13.3.1/thumb/v7e-m+fp/hard/crtbegin.o
 *(.init)
 .init          0x08001508        0x4 C:/ST/STM32CubeIDE_2.0.0/STM32CubeIDE/plugins/com.st.stm32cube.ide.mcu.externaltools.gnu-tools-for-stm32.13.3.rel1.win32_1.0.100.202509120712/tools/bin/../lib/gcc/arm-none-eabi/13.3.1/thumb/v7e-m+fp/hard/crti.o
                0x08001508                _init
 .init          0x0800150c        0x8 C:/ST/STM32CubeIDE_2.0.0/STM32CubeIDE/plugins/com.st.stm32cube.ide.mcu.externaltools.gnu-tools-for-stm32.13.3.rel1.win32_1.0.100.202509120712/tools/bin/../lib/gcc/arm-none-eabi/13.3.1/thumb/v7e-m+fp/hard/crtn.o
 *(.fini)
 .fini          0x08001514        0x4 C:/ST/STM32CubeIDE_2.0.0/STM32CubeIDE/plugins/com.st.stm32cube.ide.mcu.externaltools.gnu-tools-for-stm32.13.3.rel1.win32_1.0.100.202509120712/tools/bin/../lib/gcc/arm-none-eabi/13.3.1/thumb/v7e-m+fp/hard/crti.o
                0x08001514                _fini
 .fini          0x08001518        0x8 C:/ST/STM32CubeIDE_2.0.0/STM32CubeIDE/plugins/com.st.stm32cube.ide.mcu.externaltools.gnu-tools-for-stm32.13.3.rel1.win32_1.0.100.202509120712/tools/bin/../lib/gcc/arm-none-eabi/13.3.1/thumb/v7e-m+fp/hard/crtn.o
                0x08001520                        . = ALIGN (0x4)
                0x08001520                        _etext = .

.vfp11_veneer   0x08001520        0x0
 .vfp11_veneer  0x08001520        0x0 linker stubs

.v4_bx          0x08001520        0x0
 .v4_bx         0x08001520        0x0 linker stubs

.iplt           0x08001520        0x0
 .iplt          0x08001520        0x0 C:/ST/STM32CubeIDE_2.0.0/STM32CubeIDE/plugins/com.st.stm32cube.ide.mcu.externaltools.gnu-tools-for-stm32.13.3.rel1.win32_1.0.100.202509120712/tools/bin/../lib/gcc/arm-none-eabi/13.3.1/thumb/v7e-m+fp/hard/crtbegin.o

.rel.dyn        0x08001520        0x0
 .rel.iplt      0x08001520        0x0 C:/ST/STM32CubeIDE_2.0.0/STM32CubeIDE/plugins/com.st.stm32cube.ide.mcu.externaltools.gnu-tools-for-stm32.13.3.rel1.win32_1.0.100.202509120712/tools/bin/../lib/gcc/arm-none-eabi/13.3.1/thumb/v7e-m+fp/hard/crtbegin.o

.rodata         0x08001520        0x0
                0x08001520                        . = ALIGN (0x4)
 *(.rodata)
 *(.rodata*)
                0x08001520                        . = ALIGN (0x4)

.ARM.extab      0x08001520        0x0
                0x08001520                        . = ALIGN (0x4)
 *(.ARM.extab* .gnu.linkonce.armextab.*)
                0x08001520                        . = ALIGN (0x4)

.ARM            0x08001520        0x0
                0x08001520                        . = ALIGN (0x4)
                0x08001520                        __exidx_start = .
 *(.ARM.exidx*)
                0x08001520                        __exidx_end = .
                0x08001520                        . = ALIGN (0x4)

.preinit_array  0x08001520        0x0
                0x08001520                        . = ALIGN (0x4)
                0x08001520                        PROVIDE (__preinit_array_start = .)
 *(.preinit_array*)
                0x08001520                        PROVIDE (__preinit_array_end = .)
                0x08001520                        . = ALIGN (0x4)

.init_array     0x08001520        0x4
                0x08001520                        . = ALIGN (0x4)
                0x08001520                        PROVIDE (__init_array_start = .)
 *(SORT_BY_NAME(.init_array.*))
 *(.init_array*)
 .init_array    0x08001520        0x4 C:/ST/STM32CubeIDE_2.0.0/STM32CubeIDE/plugins/com.st.stm32cube.ide.mcu.externaltools.gnu-tools-for-stm32.13.3.rel1.win32_1.0.100.202509120712/tools/bin/../lib/gcc/arm-none-eabi/13.3.1/thumb/v7e-m+fp/hard/crtbegin.o
                0x08001524                        PROVIDE (__init_array_end = .)
                0x08001524                        . = ALIGN (0x4)

.fini_array     0x08001524        0x4
                0x08001524                        . = ALIGN (0x4)
                [!provide]                        PROVIDE (__fini_array_start = .)
 *(SORT_BY_NAME(.fini_array.*))
 *(.fini_array*)
 .fini_array    0x08001524        0x4 C:/ST/STM32CubeIDE_2.0.0/STM32CubeIDE/plugins/com.st.stm32cube.ide.mcu.externaltools.gnu-tools-for-stm32.13.3.rel1.win32_1.0.100.202509120712/tools/bin/../lib/gcc/arm-none-eabi/13.3.1/thumb/v7e-m+fp/hard/crtbegin.o
                [!provide]                        PROVIDE (__fini_array_end = .)
                0x08001528                        . = ALIGN (0x4)
                0x08001528                        _sidata = LOADADDR (.data)

.data           0x20000000        0x0 load address 0x08001528
                0x20000000                        . = ALIGN (0x4)
                0x20000000                        _sdata = .
 *(.data)
 *(.data*)
                0x20000000                        . = ALIGN (0x4)
                0x20000000                        _edata = .

.igot.plt       0x20000000        0x0 load address 0x08001528
 .igot.plt      0x20000000        0x0 C:/ST/STM32CubeIDE_2.0.0/STM32CubeIDE/plugins/com.st.stm32cube.ide.mcu.externaltools.gnu-tools-for-stm32.13.3.rel1.win32_1.0.100.202509120712/tools/bin/../lib/gcc/arm-none-eabi/13.3.1/thumb/v7e-m+fp/hard/crtbegin.o
                0x20000000                        . = ALIGN (0x4)

.bss            0x20000000    0x12d18 load address 0x08001528
                0x20000000                        _sbss = .
                0x20000000                        __bss_start__ = _sbss
 *(.bss)
 .bss           0x20000000       0x1c C:/ST/STM32CubeIDE_2.0.0/STM32CubeIDE/plugins/com.st.stm32cube.ide.mcu.externaltools.gnu-tools-for-stm32.13.3.rel1.win32_1.0.100.202509120712/tools/bin/../lib/gcc/arm-none-eabi/13.3.1/thumb/v7e-m+fp/hard/crtbegin.o
 *(.bss*)
 .bss.VGA       0x2000001c        0xc ./Core/Src/stm32_ub_vga_screen.o
                0x2000001c                VGA
 .bss.VGA_RAM1  0x20000028    0x12cf0 ./Core/Src/stm32_ub_vga_screen.o
                0x20000028                VGA_RAM1
 *(COMMON)
                0x20012d18                        . = ALIGN (0x4)
                0x20012d18                        _ebss = .
                0x20012d18                        __bss_end__ = _ebss

._user_heap_stack
                0x20012d18      0x600 load address 0x08001528
                0x20012d18                        . = ALIGN (0x8)
                0x20012d18                        PROVIDE (end = .)
                [!provide]                        PROVIDE (_end = .)
                0x20012f18                        . = (. + _Min_Heap_Size)
 *fill*         0x20012d18      0x200 
                0x20013318                        . = (. + _Min_Stack_Size)
 *fill*         0x20012f18      0x400 
                0x20013318                        . = ALIGN (0x8)

/DISCARD/
 libc.a(*)
 libm.a(*)
 libgcc.a(*)

.ARM.attributes
                0x00000000       0x30
 *(.ARM.attributes)
 .ARM.attributes
                0x00000000       0x22 C:/ST/STM32CubeIDE_2.0.0/STM32CubeIDE/plugins/com.st.stm32cube.ide.mcu.externaltools.gnu-tools-for-stm32.13.3.rel1.win32_1.0.100.202509120712/tools/bin/../lib/gcc/arm-none-eabi/13.3.1/thumb/v7e-m+fp/hard/crti.o
 .ARM.attributes
                0x00000022       0x34 C:/ST/STM32CubeIDE_2.0.0/STM32CubeIDE/plugins/com.st.stm32cube.ide.mcu.externaltools.gnu-tools-for-stm32.13.3.rel1.win32_1.0.100.202509120712/tools/bin/../lib/gcc/arm-none-eabi/13.3.1/thumb/v7e-m+fp/hard/crtbegin.o
 .ARM.attributes
                0x00000056       0x34 ./Core/Src/main.o
 .ARM.attributes
                0x0000008a       0x34 ./Core/Src/misc.o
 .ARM.attributes
                0x000000be       0x34 ./Core/Src/stm32_ub_vga_screen.o
 .ARM.attributes
                0x000000f2       0x34 ./Core/Src/stm32f4xx_dma.o
 .ARM.attributes
                0x00000126       0x34 ./Core/Src/stm32f4xx_gpio.o
 .ARM.attributes
                0x0000015a       0x34 ./Core/Src/stm32f4xx_rcc.o
 .ARM.attributes
                0x0000018e       0x34 ./Core/Src/stm32f4xx_tim.o
 .ARM.attributes
                0x000001c2       0x34 ./Core/Src/system_stm32f4xx.o
 .ARM.attributes
                0x000001f6       0x21 ./Core/Startup/startup_stm32f407vgtx.o
 .ARM.attributes
                0x00000217       0x34 C:/ST/STM32CubeIDE_2.0.0/STM32CubeIDE/plugins/com.st.stm32cube.ide.mcu.externaltools.gnu-tools-for-stm32.13.3.rel1.win32_1.0.100.202509120712/tools/bin/../lib/gcc/arm-none-eabi/13.3.1/../../../../arm-none-eabi/lib/thumb/v7e-m+fp/hard\libc_nano.a(libc_a-init.o)
 .ARM.attributes
                0x0000024b       0x22 C:/ST/STM32CubeIDE_2.0.0/STM32CubeIDE/plugins/com.st.stm32cube.ide.mcu.externaltools.gnu-tools-for-stm32.13.3.rel1.win32_1.0.100.202509120712/tools/bin/../lib/gcc/arm-none-eabi/13.3.1/thumb/v7e-m+fp/hard/crtn.o
OUTPUT(VGA.elf elf32-littlearm)
LOAD linker stubs
LOAD C:/ST/STM32CubeIDE_2.0.0/STM32CubeIDE/plugins/com.st.stm32cube.ide.mcu.externaltools.gnu-tools-for-stm32.13.3.rel1.win32_1.0.100.202509120712/tools/bin/../lib/gcc/arm-none-eabi/13.3.1/../../../../arm-none-eabi/lib/thumb/v7e-m+fp/hard\libc.a
LOAD C:/ST/STM32CubeIDE_2.0.0/STM32CubeIDE/plugins/com.st.stm32cube.ide.mcu.externaltools.gnu-tools-for-stm32.13.3.rel1.win32_1.0.100.202509120712/tools/bin/../lib/gcc/arm-none-eabi/13.3.1/../../../../arm-none-eabi/lib/thumb/v7e-m+fp/hard\libm.a
LOAD C:/ST/STM32CubeIDE_2.0.0/STM32CubeIDE/plugins/com.st.stm32cube.ide.mcu.externaltools.gnu-tools-for-stm32.13.3.rel1.win32_1.0.100.202509120712/tools/bin/../lib/gcc/arm-none-eabi/13.3.1/thumb/v7e-m+fp/hard\libgcc.a

.debug_info     0x00000000     0x5d44
 .debug_info    0x00000000      0x1aa ./Core/Src/main.o
 .debug_info    0x000001aa      0x4fa ./Core/Src/misc.o
 .debug_info    0x000006a4     0x1bcc ./Core/Src/stm32_ub_vga_screen.o
 .debug_info    0x00002270      0x6f3 ./Core/Src/stm32f4xx_dma.o
 .debug_info    0x00002963      0x60c ./Core/Src/stm32f4xx_gpio.o
 .debug_info    0x00002f6f      0xbff ./Core/Src/stm32f4xx_rcc.o
 .debug_info    0x00003b6e     0x1bf5 ./Core/Src/stm32f4xx_tim.o
 .debug_info    0x00005763      0x5b1 ./Core/Src/system_stm32f4xx.o
 .debug_info    0x00005d14       0x30 ./Core/Startup/startup_stm32f407vgtx.o

.debug_abbrev   0x00000000      0xea2
 .debug_abbrev  0x00000000      0x104 ./Core/Src/main.o
 .debug_abbrev  0x00000104      0x17f ./Core/Src/misc.o
 .debug_abbrev  0x00000283      0x351 ./Core/Src/stm32_ub_vga_screen.o
 .debug_abbrev  0x000005d4      0x178 ./Core/Src/stm32f4xx_dma.o
 .debug_abbrev  0x0000074c      0x1ee ./Core/Src/stm32f4xx_gpio.o
 .debug_abbrev  0x0000093a      0x20d ./Core/Src/stm32f4xx_rcc.o
 .debug_abbrev  0x00000b47      0x1ce ./Core/Src/stm32f4xx_tim.o
 .debug_abbrev  0x00000d15      0x169 ./Core/Src/system_stm32f4xx.o
 .debug_abbrev  0x00000e7e       0x24 ./Core/Startup/startup_stm32f407vgtx.o

.debug_aranges  0x00000000      0x700
 .debug_aranges
                0x00000000       0x30 ./Core/Src/main.o
 .debug_aranges
                0x00000030       0x40 ./Core/Src/misc.o
 .debug_aranges
                0x00000070       0x90 ./Core/Src/stm32_ub_vga_screen.o
 .debug_aranges
                0x00000100       0xb0 ./Core/Src/stm32f4xx_dma.o
 .debug_aranges
                0x000001b0       0x88 ./Core/Src/stm32f4xx_gpio.o
 .debug_aranges
                0x00000238      0x178 ./Core/Src/stm32f4xx_rcc.o
 .debug_aranges
                0x000003b0      0x2f8 ./Core/Src/stm32f4xx_tim.o
 .debug_aranges
                0x000006a8       0x30 ./Core/Src/system_stm32f4xx.o
 .debug_aranges
                0x000006d8       0x28 ./Core/Startup/startup_stm32f407vgtx.o

.debug_rnglists
                0x00000000      0x542
 .debug_rnglists
                0x00000000       0x1f ./Core/Src/main.o
 .debug_rnglists
                0x0000001f       0x2c ./Core/Src/misc.o
 .debug_rnglists
                0x0000004b       0x7e ./Core/Src/stm32_ub_vga_screen.o
 .debug_rnglists
                0x000000c9       0x82 ./Core/Src/stm32f4xx_dma.o
 .debug_rnglists
                0x0000014b       0x64 ./Core/Src/stm32f4xx_gpio.o
 .debug_rnglists
                0x000001af      0x116 ./Core/Src/stm32f4xx_rcc.o
 .debug_rnglists
                0x000002c5      0x243 ./Core/Src/stm32f4xx_tim.o
 .debug_rnglists
                0x00000508       0x21 ./Core/Src/system_stm32f4xx.o
 .debug_rnglists
                0x00000529       0x19 ./Core/Startup/startup_stm32f407vgtx.o

.debug_macro    0x00000000     0x234a
 .debug_macro   0x00000000      0x202 ./Core/Src/main.o
 .debug_macro   0x00000202       0x8e ./Core/Src/main.o
 .debug_macro   0x00000290       0x51 ./Core/Src/main.o
 .debug_macro   0x000002e1       0x61 ./Core/Src/main.o
 .debug_macro   0x00000342      0x190 ./Core/Src/main.o
 .debug_macro   0x000004d2      0x19b ./Core/Src/main.o
 .debug_macro   0x0000066d       0x1c ./Core/Src/main.o
 .debug_macro   0x00000689       0x3c ./Core/Src/main.o
 .debug_macro   0x000006c5       0x1c ./Core/Src/main.o
 .debug_macro   0x000006e1       0xc9 ./Core/Src/misc.o
 .debug_macro   0x000007aa       0x79 ./Core/Src/misc.o
 .debug_macro   0x00000823       0x10 ./Core/Src/misc.o
 .debug_macro   0x00000833      0x208 ./Core/Src/stm32_ub_vga_screen.o
 .debug_macro   0x00000a3b       0x10 ./Core/Src/stm32_ub_vga_screen.o
 .debug_macro   0x00000a4b       0x16 ./Core/Src/stm32_ub_vga_screen.o
 .debug_macro   0x00000a61       0x16 ./Core/Src/stm32_ub_vga_screen.o
 .debug_macro   0x00000a77       0x29 ./Core/Src/stm32_ub_vga_screen.o
 .debug_macro   0x00000aa0       0x16 ./Core/Src/stm32_ub_vga_screen.o
 .debug_macro   0x00000ab6       0x20 ./Core/Src/stm32_ub_vga_screen.o
 .debug_macro   0x00000ad6       0x22 ./Core/Src/stm32_ub_vga_screen.o
 .debug_macro   0x00000af8      0x120 ./Core/Src/stm32f4xx_dma.o
 .debug_macro   0x00000c18      0x471 ./Core/Src/stm32f4xx_dma.o
 .debug_macro   0x00001089       0xcc ./Core/Src/stm32f4xx_gpio.o
 .debug_macro   0x00001155      0x25f ./Core/Src/stm32f4xx_gpio.o
 .debug_macro   0x000013b4      0x16b ./Core/Src/stm32f4xx_rcc.o
 .debug_macro   0x0000151f      0x532 ./Core/Src/stm32f4xx_rcc.o
 .debug_macro   0x00001a51       0xf6 ./Core/Src/stm32f4xx_tim.o
 .debug_macro   0x00001b47      0x735 ./Core/Src/stm32f4xx_tim.o
 .debug_macro   0x0000227c       0xce ./Core/Src/system_stm32f4xx.o

.debug_line     0x00000000     0x534d
 .debug_line    0x00000000      0x6fc ./Core/Src/main.o
 .debug_line    0x000006fc      0x5a9 ./Core/Src/misc.o
 .debug_line    0x00000ca5      0xe03 ./Core/Src/stm32_ub_vga_screen.o
 .debug_line    0x00001aa8      0x962 ./Core/Src/stm32f4xx_dma.o
 .debug_line    0x0000240a      0x7bb ./Core/Src/stm32f4xx_gpio.o
 .debug_line    0x00002bc5      0xc74 ./Core/Src/stm32f4xx_rcc.o
 .debug_line    0x00003839     0x1490 ./Core/Src/stm32f4xx_tim.o
 .debug_line    0x00004cc9      0x60d ./Core/Src/system_stm32f4xx.o
 .debug_line    0x000052d6       0x77 ./Core/Startup/startup_stm32f407vgtx.o

.debug_str      0x00000000    0x47957
 .debug_str     0x00000000    0x47957 ./Core/Src/main.o
                              0x44bfb (size before relaxing)
 .debug_str     0x00047957        0x0 ./Core/Src/misc.o
                              0x350a2 (size before relaxing)
 .debug_str     0x00047957        0x0 ./Core/Src/stm32_ub_vga_screen.o
                              0x44e3d (size before relaxing)
 .debug_str     0x00047957        0x0 ./Core/Src/stm32f4xx_dma.o
                              0x3ab49 (size before relaxing)
 .debug_str     0x00047957        0x0 ./Core/Src/stm32f4xx_gpio.o
                              0x38fc3 (size before relaxing)
 .debug_str     0x00047957        0x0 ./Core/Src/stm32f4xx_rcc.o
                              0x3839c (size before relaxing)
 .debug_str     0x00047957        0x0 ./Core/Src/stm32f4xx_tim.o
                              0x3cb34 (size before relaxing)
 .debug_str     0x00047957        0x0 ./Core/Src/system_stm32f4xx.o
                              0x34bc7 (size before relaxing)
 .debug_str     0x00047957        0x0 ./Core/Startup/startup_stm32f407vgtx.o
                                 0x75 (size before relaxing)

.comment        0x00000000       0x43
 .comment       0x00000000       0x43 ./Core/Src/main.o
                                 0x44 (size before relaxing)
 .comment       0x00000043        0x0 ./Core/Src/misc.o
                                 0x44 (size before relaxing)
 .comment       0x00000043        0x0 ./Core/Src/stm32_ub_vga_screen.o
                                 0x44 (size before relaxing)
 .comment       0x00000043        0x0 ./Core/Src/stm32f4xx_dma.o
                                 0x44 (size before relaxing)
 .comment       0x00000043        0x0 ./Core/Src/stm32f4xx_gpio.o
                                 0x44 (size before relaxing)
 .comment       0x00000043        0x0 ./Core/Src/stm32f4xx_rcc.o
                                 0x44 (size before relaxing)
 .comment       0x00000043        0x0 ./Core/Src/stm32f4xx_tim.o
                                 0x44 (size before relaxing)
 .comment       0x00000043        0x0 ./Core/Src/system_stm32f4xx.o
                                 0x44 (size before relaxing)

.debug_frame    0x00000000     0x1e9c
 .debug_frame   0x00000000       0x7c ./Core/Src/main.o
 .debug_frame   0x0000007c       0xd8 ./Core/Src/misc.o
 .debug_frame   0x00000154      0x234 ./Core/Src/stm32_ub_vga_screen.o
 .debug_frame   0x00000388      0x308 ./Core/Src/stm32f4xx_dma.o
 .debug_frame   0x00000690      0x23c ./Core/Src/stm32f4xx_gpio.o
 .debug_frame   0x000008cc      0x6d4 ./Core/Src/stm32f4xx_rcc.o
 .debug_frame   0x00000fa0      0xe54 ./Core/Src/stm32f4xx_tim.o
 .debug_frame   0x00001df4       0x7c ./Core/Src/system_stm32f4xx.o
 .debug_frame   0x00001e70       0x2c C:/ST/STM32CubeIDE_2.0.0/STM32CubeIDE/plugins/com.st.stm32cube.ide.mcu.externaltools.gnu-tools-for-stm32.13.3.rel1.win32_1.0.100.202509120712/tools/bin/../lib/gcc/arm-none-eabi/13.3.1/../../../../arm-none-eabi/lib/thumb/v7e-m+fp/hard\libc_nano.a(libc_a-init.o)

.debug_line_str
                0x00000000       0x59
 .debug_line_str
                0x00000000       0x59 ./Core/Startup/startup_stm32f407vgtx.o
