Archive member included to satisfy reference by file (symbol)

C:/ST/STM32CubeIDE_2.0.0/STM32CubeIDE/plugins/com.st.stm32cube.ide.mcu.externaltools.gnu-tools-for-stm32.13.3.rel1.win32_1.0.100.202509120712/tools/bin/../lib/gcc/arm-none-eabi/13.3.1/../../../../arm-none-eabi/lib/thumb/v7e-m+fp/hard\libc_nano.a(libc_a-exit.o)
                              C:/ST/STM32CubeIDE_2.0.0/STM32CubeIDE/plugins/com.st.stm32cube.ide.mcu.externaltools.gnu-tools-for-stm32.13.3.rel1.win32_1.0.100.202509120712/tools/bin/../lib/gcc/arm-none-eabi/13.3.1/../../../../arm-none-eabi/lib/thumb/v7e-m+fp/hard/crt0.o (exit)
C:/ST/STM32CubeIDE_2.0.0/STM32CubeIDE/plugins/com.st.stm32cube.ide.mcu.externaltools.gnu-tools-for-stm32.13.3.rel1.win32_1.0.100.202509120712/tools/bin/../lib/gcc/arm-none-eabi/13.3.1/../../../../arm-none-eabi/lib/thumb/v7e-m+fp/hard\libc_nano.a(libc_a-findfp.o)
                              C:/ST/STM32CubeIDE_2.0.0/STM32CubeIDE/plugins/com.st.stm32cube.ide.mcu.externaltools.gnu-tools-for-stm32.13.3.rel1.win32_1.0.100.202509120712/tools/bin/../lib/gcc/arm-none-eabi/13.3.1/../../../../arm-none-eabi/lib/thumb/v7e-m+fp/hard\libc_nano.a(libc_a-exit.o) (__stdio_exit_handler)
C:/ST/STM32CubeIDE_2.0.0/STM32CubeIDE/plugins/com.st.stm32cube.ide.mcu.externaltools.gnu-tools-for-stm32.13.3.rel1.win32_1.0.100.202509120712/tools/bin/../lib/gcc/arm-none-eabi/13.3.1/../../../../arm-none-eabi/lib/thumb/v7e-m+fp/hard\libc_nano.a(libc_a-fwalk.o)
                              C:/ST/STM32CubeIDE_2.0.0/STM32CubeIDE/plugins/com.st.stm32cube.ide.mcu.externaltools.gnu-tools-for-stm32.13.3.rel1.win32_1.0.100.202509120712/tools/bin/../lib/gcc/arm-none-eabi/13.3.1/../../../../arm-none-eabi/lib/thumb/v7e-m+fp/hard\libc_nano.a(libc_a-findfp.o) (_fwalk_sglue)
C:/ST/STM32CubeIDE_2.0.0/STM32CubeIDE/plugins/com.st.stm32cube.ide.mcu.externaltools.gnu-tools-for-stm32.13.3.rel1.win32_1.0.100.202509120712/tools/bin/../lib/gcc/arm-none-eabi/13.3.1/../../../../arm-none-eabi/lib/thumb/v7e-m+fp/hard\libc_nano.a(libc_a-stdio.o)
                              C:/ST/STM32CubeIDE_2.0.0/STM32CubeIDE/plugins/com.st.stm32cube.ide.mcu.externaltools.gnu-tools-for-stm32.13.3.rel1.win32_1.0.100.202509120712/tools/bin/../lib/gcc/arm-none-eabi/13.3.1/../../../../arm-none-eabi/lib/thumb/v7e-m+fp/hard\libc_nano.a(libc_a-findfp.o) (__sread)
C:/ST/STM32CubeIDE_2.0.0/STM32CubeIDE/plugins/com.st.stm32cube.ide.mcu.externaltools.gnu-tools-for-stm32.13.3.rel1.win32_1.0.100.202509120712/tools/bin/../lib/gcc/arm-none-eabi/13.3.1/../../../../arm-none-eabi/lib/thumb/v7e-m+fp/hard\libc_nano.a(libc_a-memset.o)
                              C:/ST/STM32CubeIDE_2.0.0/STM32CubeIDE/plugins/com.st.stm32cube.ide.mcu.externaltools.gnu-tools-for-stm32.13.3.rel1.win32_1.0.100.202509120712/tools/bin/../lib/gcc/arm-none-eabi/13.3.1/../../../../arm-none-eabi/lib/thumb/v7e-m+fp/hard/crt0.o (memset)
C:/ST/STM32CubeIDE_2.0.0/STM32CubeIDE/plugins/com.st.stm32cube.ide.mcu.externaltools.gnu-tools-for-stm32.13.3.rel1.win32_1.0.100.202509120712/tools/bin/../lib/gcc/arm-none-eabi/13.3.1/../../../../arm-none-eabi/lib/thumb/v7e-m+fp/hard\libc_nano.a(libc_a-closer.o)
                              C:/ST/STM32CubeIDE_2.0.0/STM32CubeIDE/plugins/com.st.stm32cube.ide.mcu.externaltools.gnu-tools-for-stm32.13.3.rel1.win32_1.0.100.202509120712/tools/bin/../lib/gcc/arm-none-eabi/13.3.1/../../../../arm-none-eabi/lib/thumb/v7e-m+fp/hard\libc_nano.a(libc_a-stdio.o) (_close_r)
C:/ST/STM32CubeIDE_2.0.0/STM32CubeIDE/plugins/com.st.stm32cube.ide.mcu.externaltools.gnu-tools-for-stm32.13.3.rel1.win32_1.0.100.202509120712/tools/bin/../lib/gcc/arm-none-eabi/13.3.1/../../../../arm-none-eabi/lib/thumb/v7e-m+fp/hard\libc_nano.a(libc_a-reent.o)
                              ./Core/Src/syscalls.o (errno)
C:/ST/STM32CubeIDE_2.0.0/STM32CubeIDE/plugins/com.st.stm32cube.ide.mcu.externaltools.gnu-tools-for-stm32.13.3.rel1.win32_1.0.100.202509120712/tools/bin/../lib/gcc/arm-none-eabi/13.3.1/../../../../arm-none-eabi/lib/thumb/v7e-m+fp/hard\libc_nano.a(libc_a-impure.o)
                              C:/ST/STM32CubeIDE_2.0.0/STM32CubeIDE/plugins/com.st.stm32cube.ide.mcu.externaltools.gnu-tools-for-stm32.13.3.rel1.win32_1.0.100.202509120712/tools/bin/../lib/gcc/arm-none-eabi/13.3.1/../../../../arm-none-eabi/lib/thumb/v7e-m+fp/hard\libc_nano.a(libc_a-reent.o) (_impure_ptr)
C:/ST/STM32CubeIDE_2.0.0/STM32CubeIDE/plugins/com.st.stm32cube.ide.mcu.externaltools.gnu-tools-for-stm32.13.3.rel1.win32_1.0.100.202509120712/tools/bin/../lib/gcc/arm-none-eabi/13.3.1/../../../../arm-none-eabi/lib/thumb/v7e-m+fp/hard\libc_nano.a(libc_a-lseekr.o)
                              C:/ST/STM32CubeIDE_2.0.0/STM32CubeIDE/plugins/com.st.stm32cube.ide.mcu.externaltools.gnu-tools-for-stm32.13.3.rel1.win32_1.0.100.202509120712/tools/bin/../lib/gcc/arm-none-eabi/13.3.1/../../../../arm-none-eabi/lib/thumb/v7e-m+fp/hard\libc_nano.a(libc_a-stdio.o) (_lseek_r)
[...]
Memory Configuration

Name             Origin             Length             Attributes
CCMRAM           0x10000000         0x00010000         rw
RAM              0x20000000         0x00020000         xrw
FLASH            0x08000000         0x00100000         xr
*default*        0x00000000         0xffffffff

Linker script and memory map

LOAD C:/ST/STM32CubeIDE_2.0.0/STM32CubeIDE/plugins/com.st.stm32cube.ide.mcu.externaltools.gnu-tools-for-stm32.13.3.rel1.win32_1.0.100.202509120712/tools/bin/../lib/gcc/arm-none-eabi/13.3.1/thumb/v7e-m+fp/hard/crti.o
LOAD C:/ST/STM32CubeIDE_2.0.0/STM32CubeIDE/plugins/com.st.stm32cube.ide.mcu.externaltools.gnu-tools-for-stm32.13.3.rel1.win32_1.0.100.202509120712/tools/bin/../lib/gcc/arm-none-eabi/13.3.1/thumb/v7e-m+fp/hard/crtbegin.o
LOAD C:/ST/STM32CubeIDE_2.0.0/STM32CubeIDE/plugins/com.st.stm32cube.ide.mcu.externaltools.gnu-tools-for-stm32.13.3.rel1.win32_1.0.100.202509120712/tools/bin/../lib/gcc/arm-none-eabi/13.3.1/../../../../arm-none-eabi/lib/thumb/v7e-m+fp/hard/crt0.o
LOAD ./Core/Src/logic.o
LOAD ./Core/Src/main.o
LOAD ./Core/Src/misc.o
LOAD ./Core/Src/startup_stm32f4xx.o
LOAD ./Core/Src/stm32_ub_vga_screen.o
LOAD ./Core/Src/stm32f4xx_dma.o
LOAD ./Core/Src/stm32f4xx_gpio.o
LOAD ./Core/Src/stm32f4xx_rcc.o
LOAD ./Core/Src/stm32f4xx_tim.o
LOAD ./Core/Src/syscalls.o
LOAD ./Core/Src/system_stm32f4xx.o
LOAD ./Core/Startup/startup_stm32f407vgtx.o
LOAD ./Drivers/STM32F4xx_HAL_Driver/Src/stm32f4xx_hal.o
LOAD ./Drivers/STM32F4xx_HAL_Driver/Src/stm32f4xx_hal_cortex.o
LOAD ./Drivers/STM32F4xx_HAL_Driver/Src/stm32f4xx_hal_dma.o
LOAD ./Drivers/STM32F4xx_HAL_Driver/Src/stm32f4xx_hal_dma_ex.o
LOAD ./Drivers/STM32F4xx_HAL_Driver/Src/stm32f4xx_hal_exti.o
LOAD ./Drivers/STM32F4xx_HAL_Driver/Src/stm32f4xx_hal_flash.o
LOAD ./Drivers/STM32F4xx_HAL_Driver/Src/stm32f4xx_hal_flash_ex.o
LOAD ./Drivers/STM32F4xx_HAL_Driver/Src/stm32f4xx_hal_flash_ramfunc.o
LOAD ./Drivers/STM32F4xx_HAL_Driver/Src/stm32f4xx_hal_gpio.o
LOAD ./Drivers/STM32F4xx_HAL_Driver/Src/stm32f4xx_hal_pwr.o
LOAD ./Drivers/STM32F4xx_HAL_Driver/Src/stm32f4xx_hal_pwr_ex.o
LOAD ./Drivers/STM32F4xx_HAL_Driver/Src/stm32f4xx_hal_rcc.o
LOAD ./Drivers/STM32F4xx_HAL_Driver/Src/stm32f4xx_hal_rcc_ex.o
LOAD ./Drivers/STM32F4xx_HAL_Driver/Src/stm32f4xx_hal_tim.o
LOAD ./Drivers/STM32F4xx_HAL_Driver/Src/stm32f4xx_hal_tim_ex.o
START GROUP
LOAD C:/ST/STM32CubeIDE_2.0.0/STM32CubeIDE/plugins/com.st.stm32cube.ide.mcu.externaltools.gnu-tools-for-stm32.13.3.rel1.win32_1.0.100.202509120712/tools/bin/../lib/gcc/arm-none-eabi/13.3.1/../../../../arm-none-eabi/lib/thumb/v7e-m+fp/hard\libc_nano.a
LOAD C:/ST/STM32CubeIDE_2.0.0/STM32CubeIDE/plugins/com.st.stm32cube.ide.mcu.externaltools.gnu-tools-for-stm32.13.3.rel1.win32_1.0.100.202509120712/tools/bin/../lib/gcc/arm-none-eabi/13.3.1/../../../../arm-none-eabi/lib/thumb/v7e-m+fp/hard\libm.a
END GROUP
START GROUP
LOAD C:/ST/STM32CubeIDE_2.0.0/STM32CubeIDE/plugins/com.st.stm32cube.ide.mcu.externaltools.gnu-tools-for-stm32.13.3.rel1.win32_1.0.100.202509120712/tools/bin/../lib/gcc/arm-none-eabi/13.3.1/thumb/v7e-m+fp/hard\libgcc.a
LOAD C:/ST/STM32CubeIDE_2.0.0/STM32CubeIDE/plugins/com.st.stm32cube.ide.mcu.externaltools.gnu-tools-for-stm32.13.3.rel1.win32_1.0.100.202509120712/tools/bin/../lib/gcc/arm-none-eabi/13.3.1/../../../../arm-none-eabi/lib/thumb/v7e-m+fp/hard\libc_nano.a
END GROUP
START GROUP
LOAD C:/ST/STM32CubeIDE_2.0.0/STM32CubeIDE/plugins/com.st.stm32cube.ide.mcu.externaltools.gnu-tools-for-stm32.13.3.rel1.win32_1.0.100.202509120712/tools/bin/../lib/gcc/arm-none-eabi/13.3.1/thumb/v7e-m+fp/hard\libgcc.a
LOAD C:/ST/STM32CubeIDE_2.0.0/STM32CubeIDE/plugins/com.st.stm32cube.ide.mcu.externaltools.gnu-tools-for-stm32.13.3.rel1.win32_1.0.100.202509120712/tools/bin/../lib/gcc/arm-none-eabi/13.3.1/../../../../arm-none-eabi/lib/thumb/v7e-m+fp/hard\libc_nano.a
LOAD C:/ST/STM32CubeIDE_2.0.0/STM32CubeIDE/plugins/com.st.stm32cube.ide.mcu.externaltools.gnu-tools-for-stm32.13.3.rel1.win32_1.0.100.202509120712/tools/bin/../lib/gcc/arm-none-eabi/13.3.1/../../../../arm-none-eabi/lib/thumb/v7e-m+fp/hard\libnosys.a
END GROUP
START GROUP
LOAD C:/ST/STM32CubeIDE_2.0.0/STM32CubeIDE/plugins/com.st.stm32cube.ide.mcu.externaltools.gnu-tools-for-stm32.13.3.rel1.win32_1.0.100.202509120712/tools/bin/../lib/gcc/arm-none-eabi/13.3.1/thumb/v7e-m+fp/hard\libgcc.a
LOAD C:/ST/STM32CubeIDE_2.0.0/STM32CubeIDE/plugins/com.st.stm32cube.ide.mcu.externaltools.gnu-tools-for-stm32.13.3.rel1.win32_1.0.100.202509120712/tools/bin/../lib/gcc/arm-none-eabi/13.3.1/../../../../arm-none-eabi/lib/thumb/v7e-m+fp/hard\libc_nano.a
LOAD C:/ST/STM32CubeIDE_2.0.0/STM32CubeIDE/plugins/com.st.stm32cube.ide.mcu.externaltools.gnu-tools-for-stm32.13.3.rel1.win32_1.0.100.202509120712/tools/bin/../lib/gcc/arm-none-eabi/13.3.1/../../../../arm-none-eabi/lib/thumb/v7e-m+fp/hard\libnosys.a
END GROUP
LOAD C:/ST/STM32CubeIDE_2.0.0/STM32CubeIDE/plugins/com.st.stm32cube.ide.mcu.externaltools.gnu-tools-for-stm32.13.3.rel1.win32_1.0.100.202509120712/tools/bin/../lib/gcc/arm-none-eabi/13.3.1/thumb/v7e-m+fp/hard/crtend.o
LOAD C:/ST/STM32CubeIDE_2.0.0/STM32CubeIDE/plugins/com.st.stm32cube.ide.mcu.externaltools.gnu-tools-for-stm32.13.3.rel1.win32_1.0.100.202509120712/tools/bin/../lib/gcc/arm-none-eabi/13.3.1/thumb/v7e-m+fp/hard/crtn.o
                0x20020000                        _estack = (ORIGIN (RAM) + LENGTH (RAM))
                0x00000200                        _Min_Heap_Size = 0x200
                0x00000400                        _Min_Stack_Size = 0x400

.isr_vector     0x08000000      0x188
                0x08000000                        . = ALIGN (0x4)
 *(.isr_vector)
 .isr_vector    0x08000000      0x188 ./Core/Startup/startup_stm32f407vgtx.o
                0x08000000                g_pfnVectors
                0x08000188                        . = ALIGN (0x4)

.text           0x08000188     0x15f8
                0x08000188                        . = ALIGN (0x4)
 *(.text)
 .text          0x08000188       0x40 C:/ST/STM32CubeIDE_2.0.0/STM32CubeIDE/plugins/com.st.stm32cube.ide.mcu.externaltools.gnu-tools-for-stm32.13.3.rel1.win32_1.0.100.202509120712/tools/bin/../lib/gcc/arm-none-eabi/13.3.1/thumb/v7e-m+fp/hard/crtbegin.o
 .text          0x080001c8       0x14 C:/ST/STM32CubeIDE_2.0.0/STM32CubeIDE/plugins/com.st.stm32cube.ide.mcu.externaltools.gnu-tools-for-stm32.13.3.rel1.win32_1.0.100.202509120712/tools/bin/../lib/gcc/arm-none-eabi/13.3.1/../../../../arm-none-eabi/lib/thumb/v7e-m+fp/hard\libc_nano.a(libc_a-strcmp.o)
                0x080001c8                strcmp
 *(.text*)
 .text.contains
                0x080001dc       0x46 ./Core/Src/logic.o
 *fill*         0x08000222        0x2 
 .text.validColor
                0x08000224       0x28 ./Core/Src/logic.o
                0x08000224                validColor
 .text.kleurToCode
                0x0800024c      0x178 ./Core/Src/logic.o
                0x0800024c                kleurToCode
 .text.lijn     0x080003c4       0x6a ./Core/Src/logic.o
                0x080003c4                lijn
 .text.clearscherm
                0x0800042e       0x3a ./Core/Src/logic.o
                0x0800042e                clearscherm
 .text.LED_Init
                0x08000468       0x68 ./Core/Src/main.o
                0x08000468                LED_Init
 .text.LED_On   0x080004d0       0x48 ./Core/Src/main.o
                0x080004d0                LED_On
 .text.main     0x08000518       0x48 ./Core/Src/main.o
                0x08000518                main
 .text.NVIC_Init
                0x08000560       0xc4 ./Core/Src/misc.o
                0x08000560                NVIC_Init
 .text.UB_VGA_Screen_Init
                0x08000624       0x80 ./Core/Src/stm32_ub_vga_screen.o
                0x08000624                UB_VGA_Screen_Init
 .text.UB_VGA_FillScreen
                0x080006a4       0x46 ./Core/Src/stm32_ub_vga_screen.o
                0x080006a4                UB_VGA_FillScreen
 *fill*         0x080006ea        0x2 
 .text.UB_VGA_SetPixel
                0x080006ec       0x50 ./Core/Src/stm32_ub_vga_screen.o
                0x080006ec                UB_VGA_SetPixel
 .text.P_VGA_InitIO
                0x0800073c       0xa8 ./Core/Src/stm32_ub_vga_screen.o
                0x0800073c                P_VGA_InitIO
 .text.P_VGA_InitTIM
                0x080007e4       0xc8 ./Core/Src/stm32_ub_vga_screen.o
                0x080007e4                P_VGA_InitTIM
 .text.P_VGA_InitINT
                0x080008ac       0x58 ./Core/Src/stm32_ub_vga_screen.o
                0x080008ac                P_VGA_InitINT
 .text.P_VGA_InitDMA
                0x08000904       0x90 ./Core/Src/stm32_ub_vga_screen.o
                0x08000904                P_VGA_InitDMA
 .text.TIM2_IRQHandler
                0x08000994       0xbc ./Core/Src/stm32_ub_vga_screen.o
                0x08000994                TIM2_IRQHandler
 .text.DMA2_Stream5_IRQHandler
                0x08000a50       0x4c ./Core/Src/stm32_ub_vga_screen.o
                0x08000a50                DMA2_Stream5_IRQHandler
 .text.DMA_DeInit
                0x08000a9c      0x1a8 ./Core/Src/stm32f4xx_dma.o
                0x08000a9c                DMA_DeInit
 .text.DMA_Init
                0x08000c44       0xb0 ./Core/Src/stm32f4xx_dma.o
                0x08000c44                DMA_Init
 .text.DMA_Cmd  0x08000cf4       0x38 ./Core/Src/stm32f4xx_dma.o
                0x08000cf4                DMA_Cmd
 .text.DMA_ITConfig
                0x08000d2c       0x74 ./Core/Src/stm32f4xx_dma.o
                0x08000d2c                DMA_ITConfig
 .text.DMA_GetITStatus
                0x08000da0       0xb0 ./Core/Src/stm32f4xx_dma.o
                0x08000da0                DMA_GetITStatus
 .text.DMA_ClearITPendingBit
                0x08000e50       0x5c ./Core/Src/stm32f4xx_dma.o
                0x08000e50                DMA_ClearITPendingBit
 .text.GPIO_Init
                0x08000eac      0x11e ./Core/Src/stm32f4xx_gpio.o
                0x08000eac                GPIO_Init
 .text.GPIO_PinAFConfig
                0x08000fca       0x92 ./Core/Src/stm32f4xx_gpio.o
                0x08000fca                GPIO_PinAFConfig
 .text.RCC_AHB1PeriphClockCmd
                0x0800105c       0x40 ./Core/Src/stm32f4xx_rcc.o
                0x0800105c                RCC_AHB1PeriphClockCmd
 .text.RCC_APB1PeriphClockCmd
                0x0800109c       0x40 ./Core/Src/stm32f4xx_rcc.o
                0x0800109c                RCC_APB1PeriphClockCmd
 .text.RCC_APB2PeriphClockCmd
                0x080010dc       0x40 ./Core/Src/stm32f4xx_rcc.o
                0x080010dc                RCC_APB2PeriphClockCmd
 .text.TIM_TimeBaseInit
                0x0800111c       0xd8 ./Core/Src/stm32f4xx_tim.o
                0x0800111c                TIM_TimeBaseInit
 .text.TIM_ARRPreloadConfig
                0x080011f4       0x40 ./Core/Src/stm32f4xx_tim.o
                0x080011f4                TIM_ARRPreloadConfig
 .text.TIM_Cmd  0x08001234       0x40 ./Core/Src/stm32f4xx_tim.o
                0x08001234                TIM_Cmd
 .text.TIM_OC3Init
                0x08001274      0x10c ./Core/Src/stm32f4xx_tim.o
                0x08001274                TIM_OC3Init
 .text.TIM_OC4Init
                0x08001380       0xd0 ./Core/Src/stm32f4xx_tim.o
                0x08001380                TIM_OC4Init
 .text.TIM_OC3PreloadConfig
                0x08001450       0x38 ./Core/Src/stm32f4xx_tim.o
                0x08001450                TIM_OC3PreloadConfig
 .text.TIM_OC4PreloadConfig
                0x08001488       0x3c ./Core/Src/stm32f4xx_tim.o
                0x08001488                TIM_OC4PreloadConfig
 .text.TIM_ITConfig
                0x080014c4       0x48 ./Core/Src/stm32f4xx_tim.o
                0x080014c4                TIM_ITConfig
 .text.TIM_ClearITPendingBit
                0x0800150c       0x22 ./Core/Src/stm32f4xx_tim.o
                0x0800150c                TIM_ClearITPendingBit
 .text.TIM_DMACmd
                0x0800152e       0x48 ./Core/Src/stm32f4xx_tim.o
                0x0800152e                TIM_DMACmd
 *fill*         0x08001576        0x2 
 .text.SystemInit
                0x08001578       0x5c ./Core/Src/system_stm32f4xx.o
                0x08001578                SystemInit
 .text.SetSysClock
                0x080015d4       0xf8 ./Core/Src/system_stm32f4xx.o
 .text.Reset_Handler
                0x080016cc       0x50 ./Core/Startup/startup_stm32f407vgtx.o
                0x080016cc                Reset_Handler
 .text.Default_Handler
                0x0800171c        0x2 ./Core/Startup/startup_stm32f407vgtx.o
                0x0800171c                RTC_Alarm_IRQHandler
                0x0800171c                HASH_RNG_IRQHandler
                0x0800171c                EXTI2_IRQHandler
                0x0800171c                TIM8_CC_IRQHandler
                0x0800171c                DebugMon_Handler
                0x0800171c                TIM1_CC_IRQHandler
                0x0800171c                HardFault_Handler
                0x0800171c                DMA1_Stream5_IRQHandler
                0x0800171c                SysTick_Handler
                0x0800171c                PVD_IRQHandler
                0x0800171c                SDIO_IRQHandler
                0x0800171c                TAMP_STAMP_IRQHandler
                0x0800171c                PendSV_Handler
                0x0800171c                NMI_Handler
                0x0800171c                CAN2_RX1_IRQHandler
                0x0800171c                EXTI3_IRQHandler
                0x0800171c                TIM8_TRG_COM_TIM14_IRQHandler
                0x0800171c                TIM1_UP_TIM10_IRQHandler
                0x0800171c                TIM8_UP_TIM13_IRQHandler
                0x0800171c                I2C3_ER_IRQHandler
                0x0800171c                EXTI0_IRQHandler
                0x0800171c                I2C2_EV_IRQHandler
                0x0800171c                DMA1_Stream2_IRQHandler
                0x0800171c                CAN1_RX0_IRQHandler
                0x0800171c                FPU_IRQHandler
                0x0800171c                OTG_HS_WKUP_IRQHandler
                0x0800171c                UsageFault_Handler
                0x0800171c                CAN2_SCE_IRQHandler
                0x0800171c                DMA2_Stream2_IRQHandler
                0x0800171c                SPI1_IRQHandler
                0x0800171c                TIM6_DAC_IRQHandler
                0x0800171c                TIM1_BRK_TIM9_IRQHandler
                0x0800171c                DCMI_IRQHandler
                0x0800171c                CAN2_RX0_IRQHandler
                0x0800171c                DMA2_Stream3_IRQHandler
                0x0800171c                USART6_IRQHandler
                0x0800171c                USART3_IRQHandler
                0x0800171c                CAN1_RX1_IRQHandler
                0x0800171c                UART5_IRQHandler
                0x0800171c                DMA2_Stream0_IRQHandler
                0x0800171c                TIM4_IRQHandler
                0x0800171c                I2C1_EV_IRQHandler
                0x0800171c                DMA1_Stream6_IRQHandler
                0x0800171c                DMA1_Stream1_IRQHandler
                0x0800171c                UART4_IRQHandler
                0x0800171c                TIM3_IRQHandler
                0x0800171c                RCC_IRQHandler
                0x0800171c                TIM8_BRK_TIM12_IRQHandler
                0x0800171c                Default_Handler
                0x0800171c                EXTI15_10_IRQHandler
                0x0800171c                ADC_IRQHandler
                0x0800171c                DMA1_Stream7_IRQHandler
                0x0800171c                TIM7_IRQHandler
                0x0800171c                CAN2_TX_IRQHandler
                0x0800171c                TIM5_IRQHandler
                0x0800171c                DMA2_Stream7_IRQHandler
                0x0800171c                I2C3_EV_IRQHandler
                0x0800171c                EXTI9_5_IRQHandler
                0x0800171c                RTC_WKUP_IRQHandler
                0x0800171c                ETH_WKUP_IRQHandler
                0x0800171c                SPI2_IRQHandler
                0x0800171c                OTG_HS_EP1_IN_IRQHandler
                0x0800171c                MemManage_Handler
                0x0800171c                DMA1_Stream0_IRQHandler
                0x0800171c                CAN1_TX_IRQHandler
                0x0800171c                SVC_Handler
                0x0800171c                EXTI4_IRQHandler
                0x0800171c                FSMC_IRQHandler
                0x0800171c                ETH_IRQHandler
                0x0800171c                OTG_HS_EP1_OUT_IRQHandler
                0x0800171c                WWDG_IRQHandler
                0x0800171c                OTG_FS_WKUP_IRQHandler
                0x0800171c                TIM1_TRG_COM_TIM11_IRQHandler
                0x0800171c                OTG_HS_IRQHandler
                0x0800171c                EXTI1_IRQHandler
                0x0800171c                USART2_IRQHandler
                0x0800171c                I2C2_ER_IRQHandler
                0x0800171c                DMA2_Stream1_IRQHandler
                0x0800171c                CAN1_SCE_IRQHandler
                0x0800171c                FLASH_IRQHandler
                0x0800171c                DMA2_Stream4_IRQHandler
                0x0800171c                BusFault_Handler
                0x0800171c                USART1_IRQHandler
                0x0800171c                OTG_FS_IRQHandler
                0x0800171c                SPI3_IRQHandler
                0x0800171c                DMA1_Stream4_IRQHandler
                0x0800171c                I2C1_ER_IRQHandler
                0x0800171c                DMA2_Stream6_IRQHandler
                0x0800171c                DMA1_Stream3_IRQHandler
 *fill*         0x0800171e        0x2 
 .text.__libc_init_array
                0x08001720       0x48 C:/ST/STM32CubeIDE_2.0.0/STM32CubeIDE/plugins/com.st.stm32cube.ide.mcu.externaltools.gnu-tools-for-stm32.13.3.rel1.win32_1.0.100.202509120712/tools/bin/../lib/gcc/arm-none-eabi/13.3.1/../../../../arm-none-eabi/lib/thumb/v7e-m+fp/hard\libc_nano.a(libc_a-init.o)
                0x08001720                __libc_init_array
 *(.glue_7)
 .glue_7        0x08001768        0x0 linker stubs
 *(.glue_7t)
 .glue_7t       0x08001768        0x0 linker stubs
 *(.eh_frame)
 .eh_frame      0x08001768        0x0 C:/ST/STM32CubeIDE_2.0.0/STM32CubeIDE/plugins/com.st.stm32cube.ide.mcu.externaltools.gnu-tools-for-stm32.13.3.rel1.win32_1.0.100.202509120712/tools/bin/../lib/gcc/arm-none-eabi/13.3.1/thumb/v7e-m+fp/hard/crtbegin.o
 *(.init)
 .init          0x08001768        0x4 C:/ST/STM32CubeIDE_2.0.0/STM32CubeIDE/plugins/com.st.stm32cube.ide.mcu.externaltools.gnu-tools-for-stm32.13.3.rel1.win32_1.0.100.202509120712/tools/bin/../lib/gcc/arm-none-eabi/13.3.1/thumb/v7e-m+fp/hard/crti.o
                0x08001768                _init
 .init          0x0800176c        0x8 C:/ST/STM32CubeIDE_2.0.0/STM32CubeIDE/plugins/com.st.stm32cube.ide.mcu.externaltools.gnu-tools-for-stm32.13.3.rel1.win32_1.0.100.202509120712/tools/bin/../lib/gcc/arm-none-eabi/13.3.1/thumb/v7e-m+fp/hard/crtn.o
 *(.fini)
 .fini          0x08001774        0x4 C:/ST/STM32CubeIDE_2.0.0/STM32CubeIDE/plugins/com.st.stm32cube.ide.mcu.externaltools.gnu-tools-for-stm32.13.3.rel1.win32_1.0.100.202509120712/tools/bin/../lib/gcc/arm-none-eabi/13.3.1/thumb/v7e-m+fp/hard/crti.o
                0x08001774                _fini
 .fini          0x08001778        0x8 C:/ST/STM32CubeIDE_2.0.0/STM32CubeIDE/plugins/com.st.stm32cube.ide.mcu.externaltools.gnu-tools-for-stm32.13.3.rel1.win32_1.0.100.202509120712/tools/bin/../lib/gcc/arm-none-eabi/13.3.1/thumb/v7e-m+fp/hard/crtn.o
                0x08001780                        . = ALIGN (0x4)
                0x08001780                        _etext = .

.vfp11_veneer   0x08001780        0x0
 .vfp11_veneer  0x08001780        0x0 linker stubs

.v4_bx          0x08001780        0x0
 .v4_bx         0x08001780        0x0 linker stubs

.iplt           0x08001780        0x0
 .iplt          0x08001780        0x0 C:/ST/STM32CubeIDE_2.0.0/STM32CubeIDE/plugins/com.st.stm32cube.ide.mcu.externaltools.gnu-tools-for-stm32.13.3.rel1.win32_1.0.100.202509120712/tools/bin/../lib/gcc/arm-none-eabi/13.3.1/thumb/v7e-m+fp/hard/crtbegin.o

.rodata         0x08001780       0xc4
                0x08001780                        . = ALIGN (0x4)
 *(.rodata)
 .rodata        0x08001780       0xb4 ./Core/Src/logic.o
 .rodata        0x08001834        0xe ./Core/Src/main.o
 *(.rodata*)
                0x08001844                        . = ALIGN (0x4)
 *fill*         0x08001842        0x2 

.ARM.extab      0x08001844        0x0
                0x08001844                        . = ALIGN (0x4)
 *(.ARM.extab* .gnu.linkonce.armextab.*)
                0x08001844                        . = ALIGN (0x4)

.ARM            0x08001844        0x8
                0x08001844                        . = ALIGN (0x4)
                0x08001844                        __exidx_start = .
 *(.ARM.exidx*)
 .ARM.exidx     0x08001844        0x8 C:/ST/STM32CubeIDE_2.0.0/STM32CubeIDE/plugins/com.st.stm32cube.ide.mcu.externaltools.gnu-tools-for-stm32.13.3.rel1.win32_1.0.100.202509120712/tools/bin/../lib/gcc/arm-none-eabi/13.3.1/../../../../arm-none-eabi/lib/thumb/v7e-m+fp/hard\libc_nano.a(libc_a-strcmp.o)
                0x0800184c                        __exidx_end = .
                0x0800184c                        . = ALIGN (0x4)

.rel.dyn        0x0800184c        0x0
 .rel.iplt      0x0800184c        0x0 C:/ST/STM32CubeIDE_2.0.0/STM32CubeIDE/plugins/com.st.stm32cube.ide.mcu.externaltools.gnu-tools-for-stm32.13.3.rel1.win32_1.0.100.202509120712/tools/bin/../lib/gcc/arm-none-eabi/13.3.1/thumb/v7e-m+fp/hard/crtbegin.o

.preinit_array  0x0800184c        0x0
                0x0800184c                        . = ALIGN (0x4)
                0x0800184c                        PROVIDE (__preinit_array_start = .)
 *(.preinit_array*)
                0x0800184c                        PROVIDE (__preinit_array_end = .)
                0x0800184c                        . = ALIGN (0x4)

.init_array     0x0800184c        0x4
                0x0800184c                        . = ALIGN (0x4)
                0x0800184c                        PROVIDE (__init_array_start = .)
 *(SORT_BY_NAME(.init_array.*))
 *(.init_array*)
 .init_array    0x0800184c        0x4 C:/ST/STM32CubeIDE_2.0.0/STM32CubeIDE/plugins/com.st.stm32cube.ide.mcu.externaltools.gnu-tools-for-stm32.13.3.rel1.win32_1.0.100.202509120712/tools/bin/../lib/gcc/arm-none-eabi/13.3.1/thumb/v7e-m+fp/hard/crtbegin.o
                0x08001850                        PROVIDE (__init_array_end = .)
                0x08001850                        . = ALIGN (0x4)

.fini_array     0x08001850        0x4
                0x08001850                        . = ALIGN (0x4)
                [!provide]                        PROVIDE (__fini_array_start = .)
 *(SORT_BY_NAME(.fini_array.*))
 *(.fini_array*)
 .fini_array    0x08001850        0x4 C:/ST/STM32CubeIDE_2.0.0/STM32CubeIDE/plugins/com.st.stm32cube.ide.mcu.externaltools.gnu-tools-for-stm32.13.3.rel1.win32_1.0.100.202509120712/tools/bin/../lib/gcc/arm-none-eabi/13.3.1/thumb/v7e-m+fp/hard/crtbegin.o
                [!provide]                        PROVIDE (__fini_array_end = .)
                0x08001854                        . = ALIGN (0x4)
                0x08001854                        _sidata = LOADADDR (.data)

.data           0x20000000       0x40 load address 0x08001854
                0x20000000                        . = ALIGN (0x4)
                0x20000000                        _sdata = .
 *(.data)
 *(.data*)
 .data.kleuren  0x20000000       0x3c ./Core/Src/logic.o
                0x20000000                kleuren
 .data.aantal_kleur
                0x2000003c        0x4 ./Core/Src/logic.o
                0x20000040                        . = ALIGN (0x4)
                0x20000040                        _edata = .

.igot.plt       0x20000040        0x0 load address 0x08001894
 .igot.plt      0x20000040        0x0 C:/ST/STM32CubeIDE_2.0.0/STM32CubeIDE/plugins/com.st.stm32cube.ide.mcu.externaltools.gnu-tools-for-stm32.13.3.rel1.win32_1.0.100.202509120712/tools/bin/../lib/gcc/arm-none-eabi/13.3.1/thumb/v7e-m+fp/hard/crtbegin.o
                0x20000040                        . = ALIGN (0x4)

.bss            0x20000040    0x12d18 load address 0x08001894
                0x20000040                        _sbss = .
                0x20000040                        __bss_start__ = _sbss
 *(.bss)
 .bss           0x20000040       0x1c C:/ST/STM32CubeIDE_2.0.0/STM32CubeIDE/plugins/com.st.stm32cube.ide.mcu.externaltools.gnu-tools-for-stm32.13.3.rel1.win32_1.0.100.202509120712/tools/bin/../lib/gcc/arm-none-eabi/13.3.1/thumb/v7e-m+fp/hard/crtbegin.o
 *(.bss*)
 .bss.VGA       0x2000005c        0xc ./Core/Src/stm32_ub_vga_screen.o
                0x2000005c                VGA
 .bss.VGA_RAM1  0x20000068    0x12cf0 ./Core/Src/stm32_ub_vga_screen.o
                0x20000068                VGA_RAM1
 *(COMMON)
                0x20012d58                        . = ALIGN (0x4)
                0x20012d58                        _ebss = .
                0x20012d58                        __bss_end__ = _ebss

._user_heap_stack
                0x20012d58      0x600 load address 0x08001894
                0x20012d58                        . = ALIGN (0x8)
                0x20012d58                        PROVIDE (end = .)
                [!provide]                        PROVIDE (_end = .)
                0x20012f58                        . = (. + _Min_Heap_Size)
 *fill*         0x20012d58      0x200 
                0x20013358                        . = (. + _Min_Stack_Size)
 *fill*         0x20012f58      0x400 
                0x20013358                        . = ALIGN (0x8)

/DISCARD/
 libc.a(*)
 libm.a(*)
 libgcc.a(*)

.ARM.attributes
                0x00000000       0x30
 *(.ARM.attributes)
 .ARM.attributes
                0x00000000       0x22 C:/ST/STM32CubeIDE_2.0.0/STM32CubeIDE/plugins/com.st.stm32cube.ide.mcu.externaltools.gnu-tools-for-stm32.13.3.rel1.win32_1.0.100.202509120712/tools/bin/../lib/gcc/arm-none-eabi/13.3.1/thumb/v7e-m+fp/hard/crti.o
 .ARM.attributes
                0x00000022       0x34 C:/ST/STM32CubeIDE_2.0.0/STM32CubeIDE/plugins/com.st.stm32cube.ide.mcu.externaltools.gnu-tools-for-stm32.13.3.rel1.win32_1.0.100.202509120712/tools/bin/../lib/gcc/arm-none-eabi/13.3.1/thumb/v7e-m+fp/hard/crtbegin.o
 .ARM.attributes
                0x00000056       0x34 ./Core/Src/logic.o
 .ARM.attributes
                0x0000008a       0x34 ./Core/Src/main.o
 .ARM.attributes
                0x000000be       0x34 ./Core/Src/misc.o
 .ARM.attributes
                0x000000f2       0x34 ./Core/Src/stm32_ub_vga_screen.o
 .ARM.attributes
                0x00000126       0x34 ./Core/Src/stm32f4xx_dma.o
 .ARM.attributes
                0x0000015a       0x34 ./Core/Src/stm32f4xx_gpio.o
 .ARM.attributes
                0x0000018e       0x34 ./Core/Src/stm32f4xx_rcc.o
 .ARM.attributes
                0x000001c2       0x34 ./Core/Src/stm32f4xx_tim.o
 .ARM.attributes
                0x000001f6       0x34 ./Core/Src/system_stm32f4xx.o
 .ARM.attributes
                0x0000022a       0x21 ./Core/Startup/startup_stm32f407vgtx.o
 .ARM.attributes
                0x0000024b       0x34 C:/ST/STM32CubeIDE_2.0.0/STM32CubeIDE/plugins/com.st.stm32cube.ide.mcu.externaltools.gnu-tools-for-stm32.13.3.rel1.win32_1.0.100.202509120712/tools/bin/../lib/gcc/arm-none-eabi/13.3.1/../../../../arm-none-eabi/lib/thumb/v7e-m+fp/hard\libc_nano.a(libc_a-init.o)
 .ARM.attributes
                0x0000027f       0x20 C:/ST/STM32CubeIDE_2.0.0/STM32CubeIDE/plugins/com.st.stm32cube.ide.mcu.externaltools.gnu-tools-for-stm32.13.3.rel1.win32_1.0.100.202509120712/tools/bin/../lib/gcc/arm-none-eabi/13.3.1/../../../../arm-none-eabi/lib/thumb/v7e-m+fp/hard\libc_nano.a(libc_a-strcmp.o)
 .ARM.attributes
                0x0000029f       0x22 C:/ST/STM32CubeIDE_2.0.0/STM32CubeIDE/plugins/com.st.stm32cube.ide.mcu.externaltools.gnu-tools-for-stm32.13.3.rel1.win32_1.0.100.202509120712/tools/bin/../lib/gcc/arm-none-eabi/13.3.1/thumb/v7e-m+fp/hard/crtn.o
OUTPUT(VGA.elf elf32-littlearm)
LOAD linker stubs
LOAD C:/ST/STM32CubeIDE_2.0.0/STM32CubeIDE/plugins/com.st.stm32cube.ide.mcu.externaltools.gnu-tools-for-stm32.13.3.rel1.win32_1.0.100.202509120712/tools/bin/../lib/gcc/arm-none-eabi/13.3.1/../../../../arm-none-eabi/lib/thumb/v7e-m+fp/hard\libc.a
LOAD C:/ST/STM32CubeIDE_2.0.0/STM32CubeIDE/plugins/com.st.stm32cube.ide.mcu.externaltools.gnu-tools-for-stm32.13.3.rel1.win32_1.0.100.202509120712/tools/bin/../lib/gcc/arm-none-eabi/13.3.1/../../../../arm-none-eabi/lib/thumb/v7e-m+fp/hard\libm.a
LOAD C:/ST/STM32CubeIDE_2.0.0/STM32CubeIDE/plugins/com.st.stm32cube.ide.mcu.externaltools.gnu-tools-for-stm32.13.3.rel1.win32_1.0.100.202509120712/tools/bin/../lib/gcc/arm-none-eabi/13.3.1/thumb/v7e-m+fp/hard\libgcc.a

.debug_info     0x00000000     0x644d
 .debug_info    0x00000000      0x690 ./Core/Src/logic.o
 .debug_info    0x00000690      0x223 ./Core/Src/main.o
 .debug_info    0x000008b3      0x4fa ./Core/Src/misc.o
 .debug_info    0x00000dad     0x1bcc ./Core/Src/stm32_ub_vga_screen.o
 .debug_info    0x00002979      0x6f3 ./Core/Src/stm32f4xx_dma.o
 .debug_info    0x0000306c      0x60c ./Core/Src/stm32f4xx_gpio.o
 .debug_info    0x00003678      0xbff ./Core/Src/stm32f4xx_rcc.o
 .debug_info    0x00004277     0x1bf5 ./Core/Src/stm32f4xx_tim.o
 .debug_info    0x00005e6c      0x5b1 ./Core/Src/system_stm32f4xx.o
 .debug_info    0x0000641d       0x30 ./Core/Startup/startup_stm32f407vgtx.o

.debug_abbrev   0x00000000     0x1042
 .debug_abbrev  0x00000000      0x18d ./Core/Src/logic.o
 .debug_abbrev  0x0000018d      0x117 ./Core/Src/main.o
 .debug_abbrev  0x000002a4      0x17f ./Core/Src/misc.o
 .debug_abbrev  0x00000423      0x351 ./Core/Src/stm32_ub_vga_screen.o
 .debug_abbrev  0x00000774      0x178 ./Core/Src/stm32f4xx_dma.o
 .debug_abbrev  0x000008ec      0x1ee ./Core/Src/stm32f4xx_gpio.o
 .debug_abbrev  0x00000ada      0x20d ./Core/Src/stm32f4xx_rcc.o
 .debug_abbrev  0x00000ce7      0x1ce ./Core/Src/stm32f4xx_tim.o
 .debug_abbrev  0x00000eb5      0x169 ./Core/Src/system_stm32f4xx.o
 .debug_abbrev  0x0000101e       0x24 ./Core/Startup/startup_stm32f407vgtx.o

.debug_aranges  0x00000000      0x788
 .debug_aranges
                0x00000000       0x88 ./Core/Src/logic.o
 .debug_aranges
                0x00000088       0x30 ./Core/Src/main.o
 .debug_aranges
                0x000000b8       0x40 ./Core/Src/misc.o
 .debug_aranges
                0x000000f8       0x90 ./Core/Src/stm32_ub_vga_screen.o
 .debug_aranges
                0x00000188       0xb0 ./Core/Src/stm32f4xx_dma.o
 .debug_aranges
                0x00000238       0x88 ./Core/Src/stm32f4xx_gpio.o
 .debug_aranges
                0x000002c0      0x178 ./Core/Src/stm32f4xx_rcc.o
 .debug_aranges
                0x00000438      0x2f8 ./Core/Src/stm32f4xx_tim.o
 .debug_aranges
                0x00000730       0x30 ./Core/Src/system_stm32f4xx.o
 .debug_aranges
                0x00000760       0x28 ./Core/Startup/startup_stm32f407vgtx.o

.debug_rnglists
                0x00000000      0x5a6
 .debug_rnglists
                0x00000000       0x64 ./Core/Src/logic.o
 .debug_rnglists
                0x00000064       0x1f ./Core/Src/main.o
 .debug_rnglists
                0x00000083       0x2c ./Core/Src/misc.o
 .debug_rnglists
                0x000000af       0x7e ./Core/Src/stm32_ub_vga_screen.o
 .debug_rnglists
                0x0000012d       0x82 ./Core/Src/stm32f4xx_dma.o
 .debug_rnglists
                0x000001af       0x64 ./Core/Src/stm32f4xx_gpio.o
 .debug_rnglists
                0x00000213      0x116 ./Core/Src/stm32f4xx_rcc.o
 .debug_rnglists
                0x00000329      0x243 ./Core/Src/stm32f4xx_tim.o
 .debug_rnglists
                0x0000056c       0x21 ./Core/Src/system_stm32f4xx.o
 .debug_rnglists
                0x0000058d       0x19 ./Core/Startup/startup_stm32f407vgtx.o

.debug_macro    0x00000000     0xde1b
 .debug_macro   0x00000000      0x1cd ./Core/Src/logic.o
 .debug_macro   0x000001cd      0xad8 ./Core/Src/logic.o
 .debug_macro   0x00000ca5       0x22 ./Core/Src/logic.o
 .debug_macro   0x00000cc7       0x5b ./Core/Src/logic.o
 .debug_macro   0x00000d22       0x2a ./Core/Src/logic.o
 .debug_macro   0x00000d4c       0x94 ./Core/Src/logic.o
 .debug_macro   0x00000de0       0x43 ./Core/Src/logic.o
 .debug_macro   0x00000e23       0x34 ./Core/Src/logic.o
 .debug_macro   0x00000e57       0x16 ./Core/Src/logic.o
 .debug_macro   0x00000e6d       0x57 ./Core/Src/logic.o
 .debug_macro   0x00000ec4       0x9e ./Core/Src/logic.o
 .debug_macro   0x00000f62      0x370 ./Core/Src/logic.o
 .debug_macro   0x000012d2      0x112 ./Core/Src/logic.o
 .debug_macro   0x000013e4       0x10 ./Core/Src/logic.o
 .debug_macro   0x000013f4       0x16 ./Core/Src/logic.o
 .debug_macro   0x0000140a       0x4a ./Core/Src/logic.o
 .debug_macro   0x00001454       0x34 ./Core/Src/logic.o
 .debug_macro   0x00001488       0x10 ./Core/Src/logic.o
 .debug_macro   0x00001498       0x58 ./Core/Src/logic.o
 .debug_macro   0x000014f0       0x8e ./Core/Src/logic.o
 .debug_macro   0x0000157e       0x1c ./Core/Src/logic.o
 .debug_macro   0x0000159a      0x185 ./Core/Src/logic.o
 .debug_macro   0x0000171f       0x16 ./Core/Src/logic.o
 .debug_macro   0x00001735       0x16 ./Core/Src/logic.o
 .debug_macro   0x0000174b      0x146 ./Core/Src/logic.o
 .debug_macro   0x00001891       0x10 ./Core/Src/logic.o
 .debug_macro   0x000018a1       0x63 ./Core/Src/logic.o
 .debug_macro   0x00001904       0x35 ./Core/Src/logic.o
 .debug_macro   0x00001939      0x103 ./Core/Src/logic.o
 .debug_macro   0x00001a3c       0x6a ./Core/Src/logic.o
 .debug_macro   0x00001aa6      0x1df ./Core/Src/logic.o
 .debug_macro   0x00001c85       0x18 ./Core/Src/logic.o
 .debug_macro   0x00001c9d       0x42 ./Core/Src/logic.o
 .debug_macro   0x00001cdf      0x8cb ./Core/Src/logic.o
 .debug_macro   0x000025aa     0x8088 ./Core/Src/logic.o
 .debug_macro   0x0000a632      0x265 ./Core/Src/logic.o
 .debug_macro   0x0000a897      0x538 ./Core/Src/logic.o
 .debug_macro   0x0000adcf      0x73b ./Core/Src/logic.o
 .debug_macro   0x0000b50a       0x7f ./Core/Src/logic.o
 .debug_macro   0x0000b589      0x477 ./Core/Src/logic.o
 .debug_macro   0x0000ba00       0xd1 ./Core/Src/logic.o
 .debug_macro   0x0000bad1      0x202 ./Core/Src/main.o
 .debug_macro   0x0000bcd3       0x8e ./Core/Src/main.o
 .debug_macro   0x0000bd61       0x51 ./Core/Src/main.o
 .debug_macro   0x0000bdb2       0x61 ./Core/Src/main.o
 .debug_macro   0x0000be13      0x190 ./Core/Src/main.o
 .debug_macro   0x0000bfa3      0x19b ./Core/Src/main.o
 .debug_macro   0x0000c13e       0x1c ./Core/Src/main.o
 .debug_macro   0x0000c15a       0x3c ./Core/Src/main.o
 .debug_macro   0x0000c196       0x1c ./Core/Src/main.o
 .debug_macro   0x0000c1b2       0xc9 ./Core/Src/misc.o
 .debug_macro   0x0000c27b       0x79 ./Core/Src/misc.o
 .debug_macro   0x0000c2f4       0x10 ./Core/Src/misc.o
 .debug_macro   0x0000c304      0x208 ./Core/Src/stm32_ub_vga_screen.o
 .debug_macro   0x0000c50c       0x10 ./Core/Src/stm32_ub_vga_screen.o
 .debug_macro   0x0000c51c       0x16 ./Core/Src/stm32_ub_vga_screen.o
 .debug_macro   0x0000c532       0x16 ./Core/Src/stm32_ub_vga_screen.o
 .debug_macro   0x0000c548       0x29 ./Core/Src/stm32_ub_vga_screen.o
 .debug_macro   0x0000c571       0x16 ./Core/Src/stm32_ub_vga_screen.o
 .debug_macro   0x0000c587       0x20 ./Core/Src/stm32_ub_vga_screen.o
 .debug_macro   0x0000c5a7       0x22 ./Core/Src/stm32_ub_vga_screen.o
 .debug_macro   0x0000c5c9      0x120 ./Core/Src/stm32f4xx_dma.o
 .debug_macro   0x0000c6e9      0x471 ./Core/Src/stm32f4xx_dma.o
 .debug_macro   0x0000cb5a       0xcc ./Core/Src/stm32f4xx_gpio.o
 .debug_macro   0x0000cc26      0x25f ./Core/Src/stm32f4xx_gpio.o
 .debug_macro   0x0000ce85      0x16b ./Core/Src/stm32f4xx_rcc.o
 .debug_macro   0x0000cff0      0x532 ./Core/Src/stm32f4xx_rcc.o
 .debug_macro   0x0000d522       0xf6 ./Core/Src/stm32f4xx_tim.o
 .debug_macro   0x0000d618      0x735 ./Core/Src/stm32f4xx_tim.o
 .debug_macro   0x0000dd4d       0xce ./Core/Src/system_stm32f4xx.o

.debug_line     0x00000000     0x5e08
 .debug_line    0x00000000      0xab3 ./Core/Src/logic.o
 .debug_line    0x00000ab3      0x704 ./Core/Src/main.o
 .debug_line    0x000011b7      0x5a9 ./Core/Src/misc.o
 .debug_line    0x00001760      0xe03 ./Core/Src/stm32_ub_vga_screen.o
 .debug_line    0x00002563      0x962 ./Core/Src/stm32f4xx_dma.o
 .debug_line    0x00002ec5      0x7bb ./Core/Src/stm32f4xx_gpio.o
 .debug_line    0x00003680      0xc74 ./Core/Src/stm32f4xx_rcc.o
 .debug_line    0x000042f4     0x1490 ./Core/Src/stm32f4xx_tim.o
 .debug_line    0x00005784      0x60d ./Core/Src/system_stm32f4xx.o
 .debug_line    0x00005d91       0x77 ./Core/Startup/startup_stm32f407vgtx.o

.debug_str      0x00000000    0x47bba
 .debug_str     0x00000000    0x47bba ./Core/Src/logic.o
                              0x44519 (size before relaxing)
 .debug_str     0x00047bba        0x0 ./Core/Src/main.o
                              0x44d0f (size before relaxing)
 .debug_str     0x00047bba        0x0 ./Core/Src/misc.o
                              0x350a2 (size before relaxing)
 .debug_str     0x00047bba        0x0 ./Core/Src/stm32_ub_vga_screen.o
                              0x44e3d (size before relaxing)
 .debug_str     0x00047bba        0x0 ./Core/Src/stm32f4xx_dma.o
                              0x3ab49 (size before relaxing)
 .debug_str     0x00047bba        0x0 ./Core/Src/stm32f4xx_gpio.o
                              0x38fc3 (size before relaxing)
 .debug_str     0x00047bba        0x0 ./Core/Src/stm32f4xx_rcc.o
                              0x3839c (size before relaxing)
 .debug_str     0x00047bba        0x0 ./Core/Src/stm32f4xx_tim.o
                              0x3cb34 (size before relaxing)
 .debug_str     0x00047bba        0x0 ./Core/Src/system_stm32f4xx.o
                              0x34bc7 (size before relaxing)
 .debug_str     0x00047bba        0x0 ./Core/Startup/startup_stm32f407vgtx.o
                                 0x75 (size before relaxing)

.comment        0x00000000       0x43
 .comment       0x00000000       0x43 ./Core/Src/logic.o
                                 0x44 (size before relaxing)
 .comment       0x00000043        0x0 ./Core/Src/main.o
                                 0x44 (size before relaxing)
 .comment       0x00000043        0x0 ./Core/Src/misc.o
                                 0x44 (size before relaxing)
 .comment       0x00000043        0x0 ./Core/Src/stm32_ub_vga_screen.o
                                 0x44 (size before relaxing)
 .comment       0x00000043        0x0 ./Core/Src/stm32f4xx_dma.o
                                 0x44 (size before relaxing)
 .comment       0x00000043        0x0 ./Core/Src/stm32f4xx_gpio.o
                                 0x44 (size before relaxing)
 .comment       0x00000043        0x0 ./Core/Src/stm32f4xx_rcc.o
                                 0x44 (size before relaxing)
 .comment       0x00000043        0x0 ./Core/Src/stm32f4xx_tim.o
                                 0x44 (size before relaxing)
 .comment       0x00000043        0x0 ./Core/Src/system_stm32f4xx.o
                                 0x44 (size before relaxing)

.debug_frame    0x00000000     0x20d4
 .debug_frame   0x00000000      0x214 ./Core/Src/logic.o
 .debug_frame   0x00000214       0x80 ./Core/Src/main.o
 .debug_frame   0x00000294       0xd8 ./Core/Src/misc.o
 .debug_frame   0x0000036c      0x234 ./Core/Src/stm32_ub_vga_screen.o
 .debug_frame   0x000005a0      0x308 ./Core/Src/stm32f4xx_dma.o
 .debug_frame   0x000008a8      0x23c ./Core/Src/stm32f4xx_gpio.o
 .debug_frame   0x00000ae4      0x6d4 ./Core/Src/stm32f4xx_rcc.o
 .debug_frame   0x000011b8      0xe54 ./Core/Src/stm32f4xx_tim.o
 .debug_frame   0x0000200c       0x7c ./Core/Src/system_stm32f4xx.o
 .debug_frame   0x00002088       0x2c C:/ST/STM32CubeIDE_2.0.0/STM32CubeIDE/plugins/com.st.stm32cube.ide.mcu.externaltools.gnu-tools-for-stm32.13.3.rel1.win32_1.0.100.202509120712/tools/bin/../lib/gcc/arm-none-eabi/13.3.1/../../../../arm-none-eabi/lib/thumb/v7e-m+fp/hard\libc_nano.a(libc_a-init.o)
 .debug_frame   0x000020b4       0x20 C:/ST/STM32CubeIDE_2.0.0/STM32CubeIDE/plugins/com.st.stm32cube.ide.mcu.externaltools.gnu-tools-for-stm32.13.3.rel1.win32_1.0.100.202509120712/tools/bin/../lib/gcc/arm-none-eabi/13.3.1/../../../../arm-none-eabi/lib/thumb/v7e-m+fp/hard\libc_nano.a(libc_a-strcmp.o)

.debug_line_str
                0x00000000       0x59
 .debug_line_str
                0x00000000       0x59 ./Core/Startup/startup_stm32f407vgtx.o
