../Core/Src/stm32_ub_vga_screen.c:43:6:UB_VGA_Screen_Init	16	static
../Core/Src/stm32_ub_vga_screen.c:78:6:UB_VGA_FillScreen	24	static
../Core/Src/stm32_ub_vga_screen.c:94:6:UB_VGA_SetPixel	16	static
../Core/Src/stm32_ub_vga_screen.c:108:6:P_VGA_InitIO	16	static
../Core/Src/stm32_ub_vga_screen.c:177:6:P_VGA_InitTIM	40	static
../Core/Src/stm32_ub_vga_screen.c:249:6:P_VGA_InitINT	16	static
../Core/Src/stm32_ub_vga_screen.c:290:6:P_VGA_InitDMA	72	static
../Core/Src/stm32_ub_vga_screen.c:335:6:TIM2_IRQHandler	8	static
../Core/Src/stm32_ub_vga_screen.c:391:6:DMA2_Stream5_IRQHandler	8	static
../Core/Src/stm32_ub_vga_screen.c:423:6:UB_VGA_DrawBitmap	32	static
../Core/Src/stm32_ub_vga_screen.c:442:13:P_VGA_DrawSinglePixelLine	40	static
../Core/Src/stm32_ub_vga_screen.c:466:6:UB_VGA_DrawLine	48	static
../Core/Src/stm32_ub_vga_screen.c:487:6:UB_VGA_DrawRectangle	40	static
../Core/Src/stm32_ub_vga_screen.c:512:6:UB_VGA_DrawCircle	32	static
../Core/Src/stm32_ub_vga_screen.c:542:6:UB_VGA_DrawText	64	static
