../Core/Src/stm32_ub_vga_screen.c:53:6:UB_VGA_Screen_Init	16	static
../Core/Src/stm32_ub_vga_screen.c:82:6:UB_VGA_SetClipRect	16	static
../Core/Src/stm32_ub_vga_screen.c:97:6:UB_VGA_GetClipRect	16	static
../Core/Src/stm32_ub_vga_screen.c:106:6:UB_VGA_ResetClipRect	4	static
../Core/Src/stm32_ub_vga_screen.c:117:12:UB_VGA_FillScreen	24	static
../Core/Src/stm32_ub_vga_screen.c:130:12:UB_VGA_SetPixel	16	static
../Core/Src/stm32_ub_vga_screen.c:149:12:UB_VGA_FastHLine	40	static
../Core/Src/stm32_ub_vga_screen.c:167:12:UB_VGA_FastVLine	40	static
../Core/Src/stm32_ub_vga_screen.c:190:13:P_VGA_InitIO	16	static
../Core/Src/stm32_ub_vga_screen.c:233:13:P_VGA_InitTIM	40	static
../Core/Src/stm32_ub_vga_screen.c:284:13:P_VGA_InitINT	16	static
../Core/Src/stm32_ub_vga_screen.c:311:13:P_VGA_InitDMA	72	static
../Core/Src/stm32_ub_vga_screen.c:351:6:TIM2_IRQHandler	8	static
../Core/Src/stm32_ub_vga_screen.c:397:6:DMA2_Stream5_IRQHandler	8	static
../Core/Src/stm32_ub_vga_screen.c:414:12:UB_VGA_DrawBitmap	32	static
../Core/Src/stm32_ub_vga_screen.c:443:19:P_VGA_DrawSinglePixelLine	48	static
../Core/Src/stm32_ub_vga_screen.c:471:12:UB_VGA_DrawLine	72	static
../Core/Src/stm32_ub_vga_screen.c:509:12:UB_VGA_FillRectangle	40	static
../Core/Src/stm32_ub_vga_screen.c:527:12:UB_VGA_DrawRectangle	32	static
../Core/Src/stm32_ub_vga_screen.c:546:12:UB_VGA_DrawCircle	40	static
../Core/Src/stm32_ub_vga_screen.c:583:12:UB_VGA_FillCircle	40	static
../Core/Src/stm32_ub_vga_screen.c:616:12:UB_VGA_DrawText	120	static
