../Core/Src/stm32_ub_vga_screen.c:43:6:UB_VGA_Screen_Init	16	static
../Core/Src/stm32_ub_vga_screen.c:78:12:UB_VGA_FillScreen	24	static
../Core/Src/stm32_ub_vga_screen.c:95:12:UB_VGA_SetPixel	16	static
../Core/Src/stm32_ub_vga_screen.c:111:6:P_VGA_InitIO	16	static
../Core/Src/stm32_ub_vga_screen.c:180:6:P_VGA_InitTIM	40	static
../Core/Src/stm32_ub_vga_screen.c:252:6:P_VGA_InitINT	16	static
../Core/Src/stm32_ub_vga_screen.c:293:6:P_VGA_InitDMA	72	static
../Core/Src/stm32_ub_vga_screen.c:338:6:TIM2_IRQHandler	8	static
../Core/Src/stm32_ub_vga_screen.c:394:6:DMA2_Stream5_IRQHandler	8	static
../Core/Src/stm32_ub_vga_screen.c:426:12:UB_VGA_DrawBitmap	32	static
../Core/Src/stm32_ub_vga_screen.c:449:13:P_VGA_DrawSinglePixelLine	40	static
../Core/Src/stm32_ub_vga_screen.c:473:12:UB_VGA_DrawLine	48	static
../Core/Src/stm32_ub_vga_screen.c:495:12:UB_VGA_DrawRectangle	40	static
../Core/Src/stm32_ub_vga_screen.c:521:12:UB_VGA_DrawCircle	32	static
../Core/Src/stm32_ub_vga_screen.c:554:12:UB_VGA_DrawText	64	static
