../Core/Src/stm32_ub_vga_screen.c:47:6:UB_VGA_Screen_Init	16	static
../Core/Src/stm32_ub_vga_screen.c:83:6:UB_VGA_SetClipRect	16	static
../Core/Src/stm32_ub_vga_screen.c:95:6:UB_VGA_GetClipRect	16	static
../Core/Src/stm32_ub_vga_screen.c:101:6:UB_VGA_ResetClipRect	4	static
../Core/Src/stm32_ub_vga_screen.c:113:12:UB_VGA_FillScreen	24	static
../Core/Src/stm32_ub_vga_screen.c:130:12:UB_VGA_SetPixel	16	static
../Core/Src/stm32_ub_vga_screen.c:148:12:UB_VGA_FastHLine	40	static
../Core/Src/stm32_ub_vga_screen.c:163:12:UB_VGA_FastVLine	40	static
../Core/Src/stm32_ub_vga_screen.c:183:6:P_VGA_InitIO	16	static
../Core/Src/stm32_ub_vga_screen.c:252:6:P_VGA_InitTIM	40	static
../Core/Src/stm32_ub_vga_screen.c:324:6:P_VGA_InitINT	16	static
../Core/Src/stm32_ub_vga_screen.c:365:6:P_VGA_InitDMA	72	static
../Core/Src/stm32_ub_vga_screen.c:410:6:TIM2_IRQHandler	8	static
../Core/Src/stm32_ub_vga_screen.c:461:6:DMA2_Stream5_IRQHandler	8	static
../Core/Src/stm32_ub_vga_screen.c:479:12:UB_VGA_DrawBitmap	32	static
../Core/Src/stm32_ub_vga_screen.c:499:19:P_VGA_DrawSinglePixelLine	48	static
../Core/Src/stm32_ub_vga_screen.c:524:12:UB_VGA_DrawLine	72	static
../Core/Src/stm32_ub_vga_screen.c:560:12:UB_VGA_FillRectangle	40	static
../Core/Src/stm32_ub_vga_screen.c:575:12:UB_VGA_DrawRectangle	32	static
../Core/Src/stm32_ub_vga_screen.c:590:12:UB_VGA_DrawCircle	40	static
../Core/Src/stm32_ub_vga_screen.c:623:12:UB_VGA_FillCircle	40	static
../Core/Src/stm32_ub_vga_screen.c:653:12:UB_VGA_DrawText	120	static
